C51 COMPILER V8.16   UTILS                                                                 05/03/2009 15:23:36 PAGE 1   


C51 COMPILER V8.16, COMPILATION OF MODULE UTILS
NO OBJECT MODULE REQUESTED
COMPILER INVOKED BY: C:\Keil\C51\BIN\C51.exe ..\..\include\utils\utils.c BROWSE DEBUG CODE LISTINCLUDE SYMBOLS PREPRINT 
                    -INCDIR(../../Include) PRINT(./utils.lst) PREPRINT(./utils.i) SRC(./utils.src)

line level    source

   1          /* 
   2           * Author(s): Min-Hua Chen (Embedded Platform Lab, NTHU)
   3           * Copyright (c) 2008 National Tsing Hua University (NTHU) 
   4           * Permission to copy, modify, and distribute this program is granted 
   5           * for noncommercial purposes, provided the author(s) and copyright
   6           * notice are retained. All other uses require explicit written
   7           * permission from NTHU. 
   8           *
   9           * utils.c
  10           *
  11           * small utils, architecture dependent
  12           * the udelay is stolen from Linux kernel
  13           * Min-Hua Chen <orca.chen@gmail.com> 
  14           * 2007/10/22
  15           */
  16          #include "Eco/reg24e1.h"
   1      =1  #ifndef REGnRF24E1_H
   2      =1  #define REGnRF24E1_H
   3      =1  
   4      =1  /*  BYTE Registers  */
   5      =1  sfr P0                  = 0x80 ;
   6      =1  sfr SP                  = 0x81 ;
   7      =1  sfr DPL                 = 0x82 ;
   8      =1  sfr DPL0                = 0x82 ;
   9      =1  sfr DPH                 = 0x83 ;
  10      =1  sfr DPH0                = 0x83 ;
  11      =1  sfr DPL1                = 0x84 ;
  12      =1  sfr DPH1                = 0x85 ;
  13      =1  sfr DPS                 = 0x86 ;
  14      =1  sfr PCON                = 0x87 ;
  15      =1  sfr TCON                = 0x88 ;
  16      =1  sfr TMOD                = 0x89 ;
  17      =1  sfr TL0                 = 0x8A ;
  18      =1  sfr TL1                 = 0x8B ;
  19      =1  sfr TH0                 = 0x8C ;
  20      =1  sfr TH1                 = 0x8D ;
  21      =1  sfr CKCON               = 0x8E ;
  22      =1  sfr SPC_FNC             = 0x8F ;
  23      =1  sfr P1          = 0x90 ;
  24      =1  sfr EXIF                = 0x91 ;
  25      =1  sfr MPAGE               = 0x92 ;
  26      =1  sfr P0_DIR              = 0x94 ;
  27      =1  sfr P0_ALT              = 0x95 ;
  28      =1  sfr P1_DIR              = 0x96 ;
  29      =1  sfr P1_ALT              = 0x97 ;
  30      =1  sfr SCON                = 0x98 ;
  31      =1  sfr SBUF                = 0x99 ;
  32      =1  sfr RADIO               = 0xA0 ;
  33      =1  sfr ADCCON              = 0xA1 ;
  34      =1  sfr ADCDATAH    = 0xA2 ;
  35      =1  sfr ADCDATAL    = 0xA3 ;
  36      =1  sfr ADCSTATIC   = 0xA4 ;
  37      =1  sfr IE                  = 0xA8 ;
  38      =1  sfr PWMCON              = 0xA9 ;
C51 COMPILER V8.16   UTILS                                                                 05/03/2009 15:23:36 PAGE 2   

  39      =1  sfr PWMDUTY             = 0xAA ;
  40      =1  sfr REGX_MSB    = 0xAB ;
  41      =1  sfr REGX_LSB    = 0xAC ;
  42      =1  sfr REGX_CTRL   = 0xAD ;
  43      =1  sfr RSTREAS             = 0xB1 ;
  44      =1  sfr SPI_DATA    = 0xB2 ;
  45      =1  sfr SPI_CTRL    = 0xB3 ;
  46      =1  sfr SPICLK              = 0xB4 ;
  47      =1  sfr TICK_DV             = 0xB5 ;
  48      =1  sfr CK_CTRL             = 0xB6 ;
  49      =1  sfr TEST_MODE   = 0xB7 ;
  50      =1  sfr IP                  = 0xB8 ;
  51      =1  sfr T1_1V2              = 0xBC ;
  52      =1  sfr T2_1V2              = 0xBD ;
  53      =1  sfr DEV_OFFSET  = 0xBE ;
  54      =1  sfr T2CON               = 0xC8 ;
  55      =1  sfr RCAP2L              = 0xCA ;
  56      =1  sfr RCAP2H              = 0xCB ;
  57      =1  sfr TL2                 = 0xCC ;
  58      =1  sfr TH2                 = 0xCD ;
  59      =1  sfr PSW                 = 0xD0 ;
  60      =1  sfr EICON               = 0xD8 ;
  61      =1  sfr ACC                 = 0xE0 ;
  62      =1  sfr EIE                 = 0xE8 ;
  63      =1  sfr B                   = 0xF0 ;
  64      =1  sfr EIP                 = 0xF8 ;
  65      =1  
  66      =1  
  67      =1  /*  BIT Registers  */
  68      =1  /* P0 */
  69      =1  sbit P0_0       = 0x80  ;
  70      =1  sbit DIO2       = 0x80  ;
  71      =1  sbit P0_1       = 0x81  ;
  72      =1  sbit RXD        = 0x81  ;
  73      =1  sbit DIO3       = 0x81  ;
  74      =1  sbit P0_2       = 0x82  ;
  75      =1  sbit TXD        = 0x82  ;
  76      =1  sbit DIO4       = 0x82  ;
  77      =1  sbit P0_3       = 0x83  ;
  78      =1  sbit INT0_N     = 0x83  ;
  79      =1  sbit DIO5       = 0x83  ;
  80      =1  sbit P0_4       = 0x84  ;
  81      =1  sbit INT1_N     = 0x84  ;
  82      =1  sbit DIO6       = 0x84  ;
  83      =1  sbit P0_5       = 0x85  ;
  84      =1  sbit T0         = 0x85  ;
  85      =1  sbit DIO7       = 0x85  ;
  86      =1  sbit P0_6       = 0x86  ;
  87      =1  sbit T1         = 0x86  ;
  88      =1  sbit DIO8       = 0x86  ;
  89      =1  sbit P0_7       = 0x87  ;
  90      =1  sbit PWM        = 0x87  ;
  91      =1  sbit DIO9       = 0x87  ;
  92      =1  
  93      =1  /*  TCON  */
  94      =1  sbit IT0        = 0x88 ;
  95      =1  sbit IE0        = 0x89 ;
  96      =1  sbit IT1        = 0x8A ;
  97      =1  sbit IE1        = 0x8B ;
  98      =1  sbit TR0        = 0x8C ;
  99      =1  sbit TF0        = 0x8D ;
 100      =1  sbit TR1        = 0x8E ;
C51 COMPILER V8.16   UTILS                                                                 05/03/2009 15:23:36 PAGE 3   

 101      =1  sbit TF1        = 0x8F ;
 102      =1  
 103      =1  /* P1 */
 104      =1  sbit P1_0       = 0x90 ;
 105      =1  sbit T2         = 0x90 ;
 106      =1  sbit DIO0       = 0x90 ;
 107      =1  sbit P1_1       = 0x91 ;
 108      =1  sbit DIO1       = 0x91 ;
 109      =1  sbit P1_2       = 0x92 ;
 110      =1  sbit DIN0       = 0x92 ;
 111      =1  
 112      =1  /*  SCON  */
 113      =1  sbit RI         = 0x98 ;
 114      =1  sbit TI         = 0x99 ;
 115      =1  sbit RB8        = 0x9A ;
 116      =1  sbit TB8        = 0x9B ;
 117      =1  sbit REN        = 0x9C ;
 118      =1  sbit SM2        = 0x9D ;
 119      =1  sbit SM1        = 0x9E ;
 120      =1  sbit SM0        = 0x9F ;
 121      =1  
 122      =1  /* P2 */
 123      =1  sbit DATA       = 0xA0 ;
 124      =1  sbit CLK1       = 0xA1 ;
 125      =1  sbit DR1        = 0xA2 ;
 126      =1  sbit CS         = 0xA3 ;
 127      =1  sbit DOUT2      = 0xA4 ;
 128      =1  sbit CLK2       = 0xA5 ;
 129      =1  sbit DR2_CE     = 0xA6 ;
 130      =1  sbit DR2        = 0xA6 ;
 131      =1  sbit CE         = 0xA6 ;
 132      =1  sbit PWR_UP     = 0xA7 ;
 133      =1  
 134      =1  /*  IE   */
 135      =1  sbit EX0        = 0xA8 ;
 136      =1  sbit ET0        = 0xA9 ;
 137      =1  sbit EX1        = 0xAA ;
 138      =1  sbit ET1        = 0xAB ;
 139      =1  sbit ES         = 0xAC ;
 140      =1  sbit ET2        = 0xAD ;
 141      =1  sbit EA         = 0xAF ;
 142      =1  
 143      =1  /*  IP   */
 144      =1  sbit PX0        = 0xB8 ;
 145      =1  sbit PT0        = 0xB9 ;
 146      =1  sbit PX1        = 0xBA ;
 147      =1  sbit PT1        = 0xBB ;
 148      =1  sbit PS         = 0xBC ;
 149      =1  sbit PT2        = 0xBD ;
 150      =1  
 151      =1  /*  T2CON  */
 152      =1  sbit CP_RL2     = 0xC8 ;
 153      =1  sbit CPRL2      = 0xC8 ;
 154      =1  sbit C_T2       = 0xC9 ;
 155      =1  sbit CT2        = 0xC9 ;
 156      =1  sbit TR2        = 0xCA ;
 157      =1  sbit EXEN2      = 0xCB ;
 158      =1  sbit TCLK       = 0xCC ;
 159      =1  sbit RCLK       = 0xCD ;
 160      =1  sbit EXF2       = 0xCE ;
 161      =1  sbit TF2        = 0xCF ;
 162      =1  
C51 COMPILER V8.16   UTILS                                                                 05/03/2009 15:23:36 PAGE 4   

 163      =1  /*  PSW   */
 164      =1  sbit P          = 0xD0 ;
 165      =1  sbit F1         = 0xD1 ;
 166      =1  sbit OV         = 0xD2 ;
 167      =1  sbit RS0        = 0xD3 ;
 168      =1  sbit RS1        = 0xD4 ;
 169      =1  sbit F0         = 0xD5 ;
 170      =1  sbit AC         = 0xD6 ;
 171      =1  sbit CY         = 0xD7 ;
 172      =1  
 173      =1  /*  EICON  */
 174      =1  sbit WDTI       = 0xDB ;
 175      =1  
 176      =1  /*  EIE  */
 177      =1  sbit EX2        = 0xE8 ;
 178      =1  sbit EX3        = 0xE9 ;
 179      =1  sbit EX4        = 0xEA ;
 180      =1  sbit EX5        = 0xEB ;
 181      =1  sbit EWDI       = 0xEC ;
 182      =1  
 183      =1  /*  EIP  */
 184      =1  sbit PX2        = 0xF8 ;
 185      =1  sbit PX3        = 0xF9 ;
 186      =1  sbit PX4        = 0xFA ;
 187      =1  sbit PX5        = 0xFB ;
 188      =1  sbit PWDI       = 0xFC ;
 189      =1  
 190      =1  
 191      =1  /* BIT definitions for bits that are not directly accessible */
 192      =1  /* PCON bits */
 193      =1  #define IDL             0x01
 194      =1  #define PD              0x02
 195      =1  #define GF0             0x04
 196      =1  #define GF1             0x08
 197      =1  #define SMOD            0x80
 198      =1  
 199      =1  /* TMOD bits */
 200      =1  #define T0_M0           0x01
 201      =1  #define T0_M1           0x02
 202      =1  #define T0_CT           0x04
 203      =1  #define T0_GATE         0x08
 204      =1  #define T1_M0           0x10
 205      =1  #define T1_M1           0x20
 206      =1  #define T1_CT           0x40
 207      =1  #define T1_GATE         0x80
 208      =1  
 209      =1  #define T0_MASK         0x0F
 210      =1  #define T1_MASK         0xF0
 211      =1  
 212      =1  /* Interrupt numbers: address = (number * 8) + 3 */
 213      =1  #define IE0_VECTOR      0       /* 0x03 external interrupt 0 */
 214      =1  #define TF0_VECTOR      1       /* 0x0b timer 0 */
 215      =1  #define IE1_VECTOR      2       /* 0x13 external interrupt 1 */
 216      =1  #define TF1_VECTOR      3       /* 0x1b timer 1 */
 217      =1  #define SI0_VECTOR      4       /* 0x23 serial port 0 */
 218      =1  
 219      =1  #endif
  17          unsigned long MHZ;      /* system clock rate */
  18          
  19          /* 
  20           * store_cpu_rate - store the cpu rate to the global variable MHZ
  21           * @mhz: default cpu rate (in MHz)
C51 COMPILER V8.16   UTILS                                                                 05/03/2009 15:23:36 PAGE 5   

  22           */
  23          void store_cpu_rate(int mhz)
  24          {
  25   1              MHZ = mhz;      /* store clock rate */
  26   1      }
  27          
  28          /* 
  29           * mdelay - delay 1 msec
  30           * @msec: number of msec to delay
  31           * (HZ >> 20) instructions takes 1 usec
  32           * This function is not verified by oscilloscope
  33           */
  34          void mdelay(unsigned int msec)
  35          {
  36   1              int i, j, instr_per_msec;
  37   1              instr_per_msec = 43 * MHZ / 4;
  38   1              for (i = 0; i < msec; i++)      /* delay */
  39   1                      for (j = 0; j < instr_per_msec; j++)
  40   1                              ;
  41   1      }
  42          
  43          /* 
  44           * wdt_load - load the watchdog timer (WDT), the WDT expires when
  45           * the number of ticks is 0. The counter decreases every 10 ms.
  46           * @cnt: number of cycles for the watchdog timer (max: 16-bits)
  47           */
  48          void wdt_load(unsigned int cnt)
  49          {
  50   1              while ((REGX_CTRL & 0x10))      /* wait until not busy */
  51   1                      ;
  52   1              REGX_MSB = cnt >> 8;
  53   1              REGX_LSB = cnt & 0xff;
  54   1              REGX_CTRL = 0x08;       /* op-code for write WTD */
  55   1      }
  56          
  57          /*
  58           * strncpy - copy n bytes of data from src to dst
  59           * @src: char pointer to source
  60           * @dst: char pointer to destination
  61           * @n: number of bytes of data
  62           */
  63          void strncpy(char *src, char *dst, int n)
  64          {
  65   1              int i;
  66   1              for (i = 0; i < n; i++) {
  67   2                      *dst++ = *src++;
  68   2              }
  69   1      }
C51 COMPILER V8.16   UTILS                                                                 05/03/2009 15:23:36 PAGE 6   

NAME                                    CLASS   MSPACE  TYPE    OFFSET  SIZE
====                                    =====   ======  ====    ======  ====


_mdelay. . . . . . . . . . . . . . . .  PUBLIC   CODE   PROC     0000H  -----
  msec?141 . . . . . . . . . . . . . .  AUTO     DATA   U_INT    0000H  2
  i?142. . . . . . . . . . . . . . . .  * REG *  DATA   INT      0004H  2
  j?143. . . . . . . . . . . . . . . .  * REG *  DATA   INT      0002H  2
  instr_per_msec?144 . . . . . . . . .  * REG *  DATA   INT      0006H  2
_strncpy . . . . . . . . . . . . . . .  PUBLIC   CODE   PROC     0000H  -----
  src?346. . . . . . . . . . . . . . .  AUTO     DATA   PTR      0000H  3
  dst?347. . . . . . . . . . . . . . .  AUTO     DATA   PTR      0003H  3
  n?348. . . . . . . . . . . . . . . .  AUTO     DATA   INT      0006H  2
  i?349. . . . . . . . . . . . . . . .  * REG *  DATA   INT      0006H  2
REGX_CTRL. . . . . . . . . . . . . . .  SFR      DATA   U_CHAR   00ADH  1
_wdt_load. . . . . . . . . . . . . . .  PUBLIC   CODE   PROC     0000H  -----
  cnt?245. . . . . . . . . . . . . . .  * REG *  DATA   U_INT    0004H  2
_store_cpu_rate. . . . . . . . . . . .  PUBLIC   CODE   PROC     0000H  -----
  mhz?040. . . . . . . . . . . . . . .  * REG *  DATA   INT      0006H  2
MHZ. . . . . . . . . . . . . . . . . .  PUBLIC   DATA   U_LONG   0000H  4
REGX_LSB . . . . . . . . . . . . . . .  SFR      DATA   U_CHAR   00ACH  1
REGX_MSB . . . . . . . . . . . . . . .  SFR      DATA   U_CHAR   00ABH  1


MODULE INFORMATION:   STATIC OVERLAYABLE
   CODE SIZE        =    172    ----
   CONSTANT SIZE    =   ----    ----
   XDATA SIZE       =   ----    ----
   PDATA SIZE       =   ----    ----
   DATA SIZE        =      4      10
   IDATA SIZE       =   ----    ----
   BIT SIZE         =   ----    ----
END OF MODULE INFORMATION.


C51 COMPILATION COMPLETE.  0 WARNING(S),  0 ERROR(S)
