LX51 LINKER/LOCATER V4.34a                                                              02/18/2009  20:32:30  PAGE 1


LX51 LINKER/LOCATER V4.34a, INVOKED BY:
C:\KEIL\C51\BIN\LX51.EXE PAGING.OBJ, UTILS.OBJ, SPI.OBJ, EEPROM.OBJ, C51S.LIB TO PAGING ASSIGN (ECO_PAGE_TABLE_INDEX (16
>> )) SEGMENTS (?PR?BLINK_FAST?__PAGING (C:0X1000)) SEGMENTS (?PR?BLINK_FAST2?__PAGING (C:0X800))


CPU MODE:     8051 MODE


INPUT MODULES INCLUDED:
  PAGING.OBJ (__PAGING)
         COMMENT TYPE 0: AX51 V3.06a
  UTILS.OBJ (UTILS)
         COMMENT TYPE 0: AX51 V3.06a
  SPI.OBJ (SPI)
         COMMENT TYPE 0: AX51 V3.06a
  EEPROM.OBJ (EEPROM)
         COMMENT TYPE 0: AX51 V3.06a
  C51S.LIB (?C_STARTUP)
         COMMENT TYPE 1: A51 / ASM51 Assembler
  C51S.LIB (?C?CLDPTR)
         COMMENT TYPE 1: A51 / ASM51 Assembler
  C51S.LIB (?C?CSTPTR)
         COMMENT TYPE 1: A51 / ASM51 Assembler
  C51S.LIB (?C?IMUL)
         COMMENT TYPE 1: A51 / ASM51 Assembler
  C51S.LIB (?C?LMUL)
         COMMENT TYPE 1: A51 / ASM51 Assembler
  C51S.LIB (?C?ULDIV)
         COMMENT TYPE 1: A51 / ASM51 Assembler
  C51S.LIB (?C?ICALL)
         COMMENT TYPE 1: A51 / ASM51 Assembler


ACTIVE MEMORY CLASSES OF MODULE:  PAGING (__PAGING)

BASE        START       END         USED      MEMORY CLASS
==========================================================
C:000000H   C:000000H   C:00FFFFH   00059BH   CODE
I:000000H   I:000000H   I:00007FH   000053H   DATA
I:000000H   I:000000H   I:0000FFH   000001H   IDATA


MEMORY MAP OF MODULE:  PAGING (__PAGING)


START     STOP      LENGTH    ALIGN  RELOC    MEMORY CLASS   SEGMENT NAME
=========================================================================

* * * * * * * * * * *   D A T A   M E M O R Y   * * * * * * * * * * * * *
000000H   000007H   000008H   ---    AT..     DATA           "REG BANK 0"
000008H   00001EH   000017H   BYTE   UNIT     DATA           ?DT?__PAGING
00001FH   00002AH   00000CH   BYTE   UNIT     DATA           ?DT?_BLINK_LED_AUTO?__PAGING
00002BH   000032H   000008H   BYTE   UNIT     DATA           ?DT?_STRNCPY?UTILS
000033H   000038H   000006H   BYTE   UNIT     DATA           ?DT?ECO_PAGE_MANAGER?__PAGING
000039H   00003EH   000006H   BYTE   UNIT     DATA           ?DT?_BLINK_LED_BY_TIME?__PAGING
00003FH   000042H   000004H   BYTE   UNIT     DATA           ?DT?UTILS
000043H   000045H   000003H   BYTE   UNIT     DATA           ?DT?_EEPROM_WRITE?EEPROM
000046H   000048H   000003H   BYTE   UNIT     DATA           ?DT?_EEPROM_READ?EEPROM
000049H   00004AH   000002H   BYTE   UNIT     DATA           ?DT?ECO_PAGE_SEGMENT_UPDATE?__PAGING
00004BH   00004CH   000002H   BYTE   UNIT     DATA           ?DT?BLINK_FAST?__PAGING
00004DH   00004EH   000002H   BYTE   UNIT     DATA           ?DT?BLINK_FAST2?__PAGING
00004FH   000050H   000002H   BYTE   UNIT     DATA           ?DT?MAIN?__PAGING
000051H   000052H   000002H   BYTE   UNIT     DATA           ?DT?_MDELAY?UTILS
000053H   000053H   000001H   BYTE   UNIT     IDATA          ?STACK

* * * * * * * * * * *   C O D E   M E M O R Y   * * * * * * * * * * * * *
LX51 LINKER/LOCATER V4.34a                                                            02/18/2009  20:32:30  PAGE 2


000000H   000002H   000003H   ---    OFFS..   CODE           ?CO??C_STARTUP?0
000003H   000162H   000160H   BYTE   UNIT     CODE           ?C?LIB_CODE
000163H   00026BH   000109H   BYTE   UNIT     CODE           ?PR?ECO_PAGE_MANAGER?__PAGING
00026CH   0002F8H   00008DH   BYTE   UNIT     CODE           ?PR?_BLINK_LED_AUTO?__PAGING
0002F9H   00036BH   000073H   BYTE   UNIT     CODE           ?PR?MAIN?__PAGING
00036CH   0003B4H   000049H   BYTE   UNIT     CODE           ?PR?_MDELAY?UTILS
0003B5H   0003F8H   000044H   BYTE   UNIT     CODE           ?PR?_STRNCPY?UTILS
0003F9H   000433H   00003BH   BYTE   UNIT     CODE           ?PR?_EEPROM_WRITE?EEPROM
000434H   00046DH   00003AH   BYTE   UNIT     CODE           ?PR?_BLINK_LED_BY_TIME?__PAGING
00046EH   000499H   00002CH   BYTE   UNIT     CODE           ?PR?_EEPROM_READ?EEPROM
00049AH   0004BEH   000025H   BYTE   UNIT     CODE           ?PR?ECO_PAGE_INIT?__PAGING
0004BFH   0004E1H   000023H   BYTE   UNIT     CODE           ?PR?FLASH_ERASE_ALL?EEPROM
0004E2H   0004F3H   000012H   BYTE   UNIT     CODE           ?PR?_WDT_LOAD?UTILS
0004F4H   000502H   00000FH   BYTE   UNIT     CODE           ?PR?EEPROM_STATUS?EEPROM
000503H   00050FH   00000DH   BYTE   UNIT     CODE           ?PR?_STORE_CPU_RATE?UTILS
000510H   00051CH   00000DH   BYTE   UNIT     CODE           ?PR?_SPI_WRITE_THEN_READ?SPI
00051DH   000528H   00000CH   BYTE   UNIT     CODE           ?C_C51STARTUP
000529H   000533H   00000BH   BYTE   UNIT     CODE           ?PR?EEPROM_INIT?EEPROM
000534H   00053AH   000007H   BYTE   UNIT     CODE           ?PR?_ECO_PAGE_TABLE_UPDATE?__PAGING
00053BH   000541H   000007H   BYTE   UNIT     CODE           ?PR?ECO_PAGE_SEGMENT_UPDATE?__PAGING
000542H   000546H   000005H   BYTE   UNIT     CODE           ?PR?_SPI_INIT?SPI
000547H   0007FFH   0002B9H   ---    ---      **GAP**
000800H   000829H   00002AH   BYTE   UNIT     CODE           ?PR?BLINK_FAST2?__PAGING
00082AH   000FFFH   0007D6H   ---    ---      **GAP**
001000H   001029H   00002AH   BYTE   UNIT     CODE           ?PR?BLINK_FAST?__PAGING



PUBLIC SYMBOLS OF MODULE:  PAGING (__PAGING)


      VALUE       CLASS    TYPE      PUBLIC SYMBOL NAME
      =================================================
      0000001FH   DATA     BYTE      ?_BLINK_LED_AUTO?BYTE
      0000002BH   DATA     BYTE      ?_STRNCPY?BYTE
      01000003H   CODE     ---       ?C?CLDPTR
      00000000H   NUMBER   ---       ?C?CODESEG
      0100001CH   CODE     ---       ?C?CSTPTR
      0100015DH   CODE     ---       ?C?ICALL
      01000161H   CODE     ---       ?C?ICALL2
      0100002EH   CODE     ---       ?C?IMUL
      01000040H   CODE     ---       ?C?LMUL
      010000CBH   CODE     ---       ?C?ULDIV
      00000000H   NUMBER   ---       ?C?XDATASEG
      010002F9H   CODE     ---       ?C_START
      01000000H   CODE     ---       ?C_STARTUP
      0100026CH   CODE     NEAR LAB  _BLINK_LED_AUTO
      01000434H   CODE     NEAR LAB  _BLINK_LED_BY_TIME
      01000534H   CODE     NEAR LAB  _ECO_PAGE_TABLE_UPDATE
      0100046EH   CODE     NEAR LAB  _EEPROM_READ
      010003F9H   CODE     NEAR LAB  _EEPROM_WRITE
      0100036CH   CODE     NEAR LAB  _MDELAY
      01000542H   CODE     NEAR LAB  _SPI_INIT
      01000510H   CODE     NEAR LAB  _SPI_WRITE_THEN_READ
      01000503H   CODE     NEAR LAB  _STORE_CPU_RATE
      010003B5H   CODE     NEAR LAB  _STRNCPY
      010004E2H   CODE     NEAR LAB  _WDT_LOAD
*SFR* 000000D0H.6 DATA     BIT       AC
*SFR* 000000E0H   DATA     BYTE      ACC
*SFR* 000000A1H   DATA     BYTE      ADCCON
*SFR* 000000A2H   DATA     BYTE      ADCDATAH
*SFR* 000000A3H   DATA     BYTE      ADCDATAL
*SFR* 000000A4H   DATA     BYTE      ADCSTATIC
*SFR* 000000F0H   DATA     BYTE      B
      01001000H   CODE     NEAR LAB  BLINK_FAST
LX51 LINKER/LOCATER V4.34a                                                            02/18/2009  20:32:30  PAGE 3


      01000800H   CODE     NEAR LAB  BLINK_FAST2
*SFR* 000000C8H.1 DATA     BIT       C_T2
*SFR* 000000A0H.6 DATA     BIT       CE
*SFR* 000000B6H   DATA     BYTE      CK_CTRL
*SFR* 0000008EH   DATA     BYTE      CKCON
*SFR* 000000A0H.1 DATA     BIT       CLK1
*SFR* 000000A0H.5 DATA     BIT       CLK2
*SFR* 000000C8H   DATA     BIT       CP_RL2
*SFR* 000000C8H   DATA     BIT       CPRL2
*SFR* 000000A0H.3 DATA     BIT       CS
*SFR* 000000C8H.1 DATA     BIT       CT2
*SFR* 000000D0H.7 DATA     BIT       CY
*SFR* 000000A0H   DATA     BIT       DATA?
*SFR* 000000BEH   DATA     BYTE      DEV_OFFSET
*SFR* 00000090H.2 DATA     BIT       DIN0
*SFR* 00000090H   DATA     BIT       DIO0
*SFR* 00000090H.1 DATA     BIT       DIO1
*SFR* 00000080H   DATA     BIT       DIO2
*SFR* 00000080H.1 DATA     BIT       DIO3
*SFR* 00000080H.2 DATA     BIT       DIO4
*SFR* 00000080H.3 DATA     BIT       DIO5
*SFR* 00000080H.4 DATA     BIT       DIO6
*SFR* 00000080H.5 DATA     BIT       DIO7
*SFR* 00000080H.6 DATA     BIT       DIO8
*SFR* 00000080H.7 DATA     BIT       DIO9
*SFR* 000000A0H.4 DATA     BIT       DOUT2
*SFR* 00000083H   DATA     BYTE      DPH
*SFR* 00000083H   DATA     BYTE      DPH0
*SFR* 00000085H   DATA     BYTE      DPH1
*SFR* 00000082H   DATA     BYTE      DPL
*SFR* 00000082H   DATA     BYTE      DPL0
*SFR* 00000084H   DATA     BYTE      DPL1
*SFR* 00000086H   DATA     BYTE      DPS
*SFR* 000000A0H.2 DATA     BIT       DR1
*SFR* 000000A0H.6 DATA     BIT       DR2
*SFR* 000000A0H.6 DATA     BIT       DR2_CE
*SFR* 000000A8H.7 DATA     BIT       EA
      0100049AH   CODE     NEAR LAB  ECO_PAGE_INIT
      01000163H   CODE     NEAR LAB  ECO_PAGE_MANAGER
      0100053BH   CODE     NEAR LAB  ECO_PAGE_SEGMENT_UPDATE
      00000010H   NUMBER   ---       ECO_PAGE_TABLE_INDEX
      01000529H   CODE     NEAR LAB  EEPROM_INIT
      010004F4H   CODE     NEAR LAB  EEPROM_STATUS
*SFR* 000000D8H   DATA     BYTE      EICON
*SFR* 000000E8H   DATA     BYTE      EIE
*SFR* 000000F8H   DATA     BYTE      EIP
*SFR* 000000A8H.4 DATA     BIT       ES
*SFR* 000000A8H.1 DATA     BIT       ET0
*SFR* 000000A8H.3 DATA     BIT       ET1
*SFR* 000000A8H.5 DATA     BIT       ET2
*SFR* 000000E8H.4 DATA     BIT       EWDI
*SFR* 000000A8H   DATA     BIT       EX0
*SFR* 000000A8H.2 DATA     BIT       EX1
*SFR* 000000E8H   DATA     BIT       EX2
*SFR* 000000E8H.1 DATA     BIT       EX3
*SFR* 000000E8H.2 DATA     BIT       EX4
*SFR* 000000E8H.3 DATA     BIT       EX5
*SFR* 000000C8H.3 DATA     BIT       EXEN2
*SFR* 000000C8H.6 DATA     BIT       EXF2
*SFR* 00000091H   DATA     BYTE      EXIF
*SFR* 000000D0H.5 DATA     BIT       F0
*SFR* 000000D0H.1 DATA     BIT       F1
      010004BFH   CODE     NEAR LAB  FLASH_ERASE_ALL
*SFR* 000000A8H   DATA     BYTE      IE
*SFR* 00000088H.1 DATA     BIT       IE0
LX51 LINKER/LOCATER V4.34a                                                            02/18/2009  20:32:30  PAGE 4


*SFR* 00000088H.3 DATA     BIT       IE1
*SFR* 00000080H.3 DATA     BIT       INT0_N
*SFR* 00000080H.4 DATA     BIT       INT1_N
*SFR* 000000B8H   DATA     BYTE      IP
*SFR* 00000088H   DATA     BIT       IT0
*SFR* 00000088H.2 DATA     BIT       IT1
      010002F9H   CODE     NEAR LAB  MAIN
      0000003FH   DATA     BYTE      MHZ
*SFR* 00000092H   DATA     BYTE      MPAGE
*SFR* 000000D0H.2 DATA     BIT       OV
*SFR* 000000D0H   DATA     BIT       P
*SFR* 00000080H   DATA     BYTE      P0
*SFR* 00000080H   DATA     BIT       P0_0
*SFR* 00000080H.1 DATA     BIT       P0_1
*SFR* 00000080H.2 DATA     BIT       P0_2
*SFR* 00000080H.3 DATA     BIT       P0_3
*SFR* 00000080H.4 DATA     BIT       P0_4
*SFR* 00000080H.5 DATA     BIT       P0_5
*SFR* 00000080H.6 DATA     BIT       P0_6
*SFR* 00000080H.7 DATA     BIT       P0_7
*SFR* 00000095H   DATA     BYTE      P0_ALT
*SFR* 00000094H   DATA     BYTE      P0_DIR
*SFR* 00000090H   DATA     BYTE      P1
*SFR* 00000090H   DATA     BIT       P1_0
*SFR* 00000090H.1 DATA     BIT       P1_1
*SFR* 00000090H.2 DATA     BIT       P1_2
*SFR* 00000097H   DATA     BYTE      P1_ALT
*SFR* 00000096H   DATA     BYTE      P1_DIR
*SFR* 00000087H   DATA     BYTE      PCON
*SFR* 000000B8H.4 DATA     BIT       PS
*SFR* 000000D0H   DATA     BYTE      PSW
*SFR* 000000B8H.1 DATA     BIT       PT0
*SFR* 000000B8H.3 DATA     BIT       PT1
*SFR* 000000B8H.5 DATA     BIT       PT2
*SFR* 000000F8H.4 DATA     BIT       PWDI
*SFR* 00000080H.7 DATA     BIT       PWM
*SFR* 000000A9H   DATA     BYTE      PWMCON
*SFR* 000000AAH   DATA     BYTE      PWMDUTY
*SFR* 000000A0H.7 DATA     BIT       PWR_UP
*SFR* 000000B8H   DATA     BIT       PX0
*SFR* 000000B8H.2 DATA     BIT       PX1
*SFR* 000000F8H   DATA     BIT       PX2
*SFR* 000000F8H.1 DATA     BIT       PX3
*SFR* 000000F8H.2 DATA     BIT       PX4
*SFR* 000000F8H.3 DATA     BIT       PX5
*SFR* 000000A0H   DATA     BYTE      RADIO
*SFR* 00000098H.2 DATA     BIT       RB8
*SFR* 000000CBH   DATA     BYTE      RCAP2H
*SFR* 000000CAH   DATA     BYTE      RCAP2L
*SFR* 000000C8H.5 DATA     BIT       RCLK
*SFR* 000000ADH   DATA     BYTE      REGX_CTRL
*SFR* 000000ACH   DATA     BYTE      REGX_LSB
*SFR* 000000ABH   DATA     BYTE      REGX_MSB
*SFR* 00000098H.4 DATA     BIT       REN
*SFR* 00000098H   DATA     BIT       RI
*SFR* 000000D0H.3 DATA     BIT       RS0
*SFR* 000000D0H.4 DATA     BIT       RS1
*SFR* 000000B1H   DATA     BYTE      RSTREAS
*SFR* 00000080H.1 DATA     BIT       RXD
*SFR* 00000099H   DATA     BYTE      SBUF
*SFR* 00000098H   DATA     BYTE      SCON
*SFR* 00000098H.7 DATA     BIT       SM0
*SFR* 00000098H.6 DATA     BIT       SM1
*SFR* 00000098H.5 DATA     BIT       SM2
*SFR* 00000081H   DATA     BYTE      SP
LX51 LINKER/LOCATER V4.34a                                                            02/18/2009  20:32:30  PAGE 5


*SFR* 0000008FH   DATA     BYTE      SPC_FNC
*SFR* 000000B3H   DATA     BYTE      SPI_CTRL
*SFR* 000000B2H   DATA     BYTE      SPI_DATA
*SFR* 000000B4H   DATA     BYTE      SPICLK
*SFR* 00000080H.5 DATA     BIT       T0
*SFR* 00000080H.6 DATA     BIT       T1
*SFR* 000000BCH   DATA     BYTE      T1_1V2
*SFR* 00000090H   DATA     BIT       T2
*SFR* 000000BDH   DATA     BYTE      T2_1V2
*SFR* 000000C8H   DATA     BYTE      T2CON
*SFR* 00000098H.3 DATA     BIT       TB8
*SFR* 000000C8H.4 DATA     BIT       TCLK
*SFR* 00000088H   DATA     BYTE      TCON
*SFR* 000000B7H   DATA     BYTE      TEST_MODE
*SFR* 00000088H.5 DATA     BIT       TF0
*SFR* 00000088H.7 DATA     BIT       TF1
*SFR* 000000C8H.7 DATA     BIT       TF2
*SFR* 0000008CH   DATA     BYTE      TH0
*SFR* 0000008DH   DATA     BYTE      TH1
*SFR* 000000CDH   DATA     BYTE      TH2
*SFR* 00000098H.1 DATA     BIT       TI
*SFR* 000000B5H   DATA     BYTE      TICK_DV
*SFR* 0000008AH   DATA     BYTE      TL0
*SFR* 0000008BH   DATA     BYTE      TL1
*SFR* 000000CCH   DATA     BYTE      TL2
*SFR* 00000089H   DATA     BYTE      TMOD
*SFR* 00000088H.4 DATA     BIT       TR0
*SFR* 00000088H.6 DATA     BIT       TR1
*SFR* 000000C8H.2 DATA     BIT       TR2
*SFR* 00000080H.2 DATA     BIT       TXD
*SFR* 000000D8H.3 DATA     BIT       WDTI



SYMBOL TABLE OF MODULE:  PAGING (__PAGING)

      VALUE       REP       CLASS    TYPE      SYMBOL NAME
      ====================================================
      ---         MODULE    ---      ---       __PAGING
      0000001FH   PUBLIC    DATA     BYTE      ?_BLINK_LED_AUTO?BYTE
      0100026CH   PUBLIC    CODE     NEAR LAB  _BLINK_LED_AUTO
      01000434H   PUBLIC    CODE     NEAR LAB  _BLINK_LED_BY_TIME
      01000534H   PUBLIC    CODE     NEAR LAB  _ECO_PAGE_TABLE_UPDATE
      01001000H   PUBLIC    CODE     NEAR LAB  BLINK_FAST
      01000800H   PUBLIC    CODE     NEAR LAB  BLINK_FAST2
      0100049AH   PUBLIC    CODE     NEAR LAB  ECO_PAGE_INIT
      01000163H   PUBLIC    CODE     NEAR LAB  ECO_PAGE_MANAGER
      0100053BH   PUBLIC    CODE     NEAR LAB  ECO_PAGE_SEGMENT_UPDATE
      010002F9H   PUBLIC    CODE     NEAR LAB  MAIN
      000000D0H.6 SFRSYM    DATA     BIT       AC
      000000E0H   SFRSYM    DATA     BYTE      ACC
      000000A1H   SFRSYM    DATA     BYTE      ADCCON
      000000A2H   SFRSYM    DATA     BYTE      ADCDATAH
      000000A3H   SFRSYM    DATA     BYTE      ADCDATAL
      000000A4H   SFRSYM    DATA     BYTE      ADCSTATIC
      000000F0H   SFRSYM    DATA     BYTE      B
      000000C8H.1 SFRSYM    DATA     BIT       C_T2
      000000A0H.6 SFRSYM    DATA     BIT       CE
      000000B6H   SFRSYM    DATA     BYTE      CK_CTRL
      0000008EH   SFRSYM    DATA     BYTE      CKCON
      000000A0H.1 SFRSYM    DATA     BIT       CLK1
      000000A0H.5 SFRSYM    DATA     BIT       CLK2
      000000C8H   SFRSYM    DATA     BIT       CP_RL2
      000000C8H   SFRSYM    DATA     BIT       CPRL2
      000000A0H.3 SFRSYM    DATA     BIT       CS
LX51 LINKER/LOCATER V4.34a                                                            02/18/2009  20:32:30  PAGE 6


      000000C8H.1 SFRSYM    DATA     BIT       CT2
      000000D0H.7 SFRSYM    DATA     BIT       CY
      000000A0H   SFRSYM    DATA     BIT       DATA?
      000000BEH   SFRSYM    DATA     BYTE      DEV_OFFSET
      00000090H.2 SFRSYM    DATA     BIT       DIN0
      00000090H   SFRSYM    DATA     BIT       DIO0
      00000090H.1 SFRSYM    DATA     BIT       DIO1
      00000080H   SFRSYM    DATA     BIT       DIO2
      00000080H.1 SFRSYM    DATA     BIT       DIO3
      00000080H.2 SFRSYM    DATA     BIT       DIO4
      00000080H.3 SFRSYM    DATA     BIT       DIO5
      00000080H.4 SFRSYM    DATA     BIT       DIO6
      00000080H.5 SFRSYM    DATA     BIT       DIO7
      00000080H.6 SFRSYM    DATA     BIT       DIO8
      00000080H.7 SFRSYM    DATA     BIT       DIO9
      000000A0H.4 SFRSYM    DATA     BIT       DOUT2
      00000083H   SFRSYM    DATA     BYTE      DPH
      00000083H   SFRSYM    DATA     BYTE      DPH0
      00000085H   SFRSYM    DATA     BYTE      DPH1
      00000082H   SFRSYM    DATA     BYTE      DPL
      00000082H   SFRSYM    DATA     BYTE      DPL0
      00000084H   SFRSYM    DATA     BYTE      DPL1
      00000086H   SFRSYM    DATA     BYTE      DPS
      000000A0H.2 SFRSYM    DATA     BIT       DR1
      000000A0H.6 SFRSYM    DATA     BIT       DR2
      000000A0H.6 SFRSYM    DATA     BIT       DR2_CE
      000000A8H.7 SFRSYM    DATA     BIT       EA
      000000D8H   SFRSYM    DATA     BYTE      EICON
      000000E8H   SFRSYM    DATA     BYTE      EIE
      000000F8H   SFRSYM    DATA     BYTE      EIP
      000000A8H.4 SFRSYM    DATA     BIT       ES
      000000A8H.1 SFRSYM    DATA     BIT       ET0
      000000A8H.3 SFRSYM    DATA     BIT       ET1
      000000A8H.5 SFRSYM    DATA     BIT       ET2
      000000E8H.4 SFRSYM    DATA     BIT       EWDI
      000000A8H   SFRSYM    DATA     BIT       EX0
      000000A8H.2 SFRSYM    DATA     BIT       EX1
      000000E8H   SFRSYM    DATA     BIT       EX2
      000000E8H.1 SFRSYM    DATA     BIT       EX3
      000000E8H.2 SFRSYM    DATA     BIT       EX4
      000000E8H.3 SFRSYM    DATA     BIT       EX5
      000000C8H.3 SFRSYM    DATA     BIT       EXEN2
      000000C8H.6 SFRSYM    DATA     BIT       EXF2
      00000091H   SFRSYM    DATA     BYTE      EXIF
      000000D0H.5 SFRSYM    DATA     BIT       F0
      000000D0H.1 SFRSYM    DATA     BIT       F1
      000000A8H   SFRSYM    DATA     BYTE      IE
      00000088H.1 SFRSYM    DATA     BIT       IE0
      00000088H.3 SFRSYM    DATA     BIT       IE1
      00000080H.3 SFRSYM    DATA     BIT       INT0_N
      00000080H.4 SFRSYM    DATA     BIT       INT1_N
      000000B8H   SFRSYM    DATA     BYTE      IP
      00000088H   SFRSYM    DATA     BIT       IT0
      00000088H.2 SFRSYM    DATA     BIT       IT1
      00000092H   SFRSYM    DATA     BYTE      MPAGE
      000000D0H.2 SFRSYM    DATA     BIT       OV
      000000D0H   SFRSYM    DATA     BIT       P
      00000080H   SFRSYM    DATA     BYTE      P0
      00000080H   SFRSYM    DATA     BIT       P0_0
      00000080H.1 SFRSYM    DATA     BIT       P0_1
      00000080H.2 SFRSYM    DATA     BIT       P0_2
      00000080H.3 SFRSYM    DATA     BIT       P0_3
      00000080H.4 SFRSYM    DATA     BIT       P0_4
      00000080H.5 SFRSYM    DATA     BIT       P0_5
      00000080H.6 SFRSYM    DATA     BIT       P0_6
LX51 LINKER/LOCATER V4.34a                                                            02/18/2009  20:32:30  PAGE 7


      00000080H.7 SFRSYM    DATA     BIT       P0_7
      00000095H   SFRSYM    DATA     BYTE      P0_ALT
      00000094H   SFRSYM    DATA     BYTE      P0_DIR
      00000090H   SFRSYM    DATA     BYTE      P1
      00000090H   SFRSYM    DATA     BIT       P1_0
      00000090H.1 SFRSYM    DATA     BIT       P1_1
      00000090H.2 SFRSYM    DATA     BIT       P1_2
      00000097H   SFRSYM    DATA     BYTE      P1_ALT
      00000096H   SFRSYM    DATA     BYTE      P1_DIR
      00000087H   SFRSYM    DATA     BYTE      PCON
      000000B8H.4 SFRSYM    DATA     BIT       PS
      000000D0H   SFRSYM    DATA     BYTE      PSW
      000000B8H.1 SFRSYM    DATA     BIT       PT0
      000000B8H.3 SFRSYM    DATA     BIT       PT1
      000000B8H.5 SFRSYM    DATA     BIT       PT2
      000000F8H.4 SFRSYM    DATA     BIT       PWDI
      00000080H.7 SFRSYM    DATA     BIT       PWM
      000000A9H   SFRSYM    DATA     BYTE      PWMCON
      000000AAH   SFRSYM    DATA     BYTE      PWMDUTY
      000000A0H.7 SFRSYM    DATA     BIT       PWR_UP
      000000B8H   SFRSYM    DATA     BIT       PX0
      000000B8H.2 SFRSYM    DATA     BIT       PX1
      000000F8H   SFRSYM    DATA     BIT       PX2
      000000F8H.1 SFRSYM    DATA     BIT       PX3
      000000F8H.2 SFRSYM    DATA     BIT       PX4
      000000F8H.3 SFRSYM    DATA     BIT       PX5
      000000A0H   SFRSYM    DATA     BYTE      RADIO
      00000098H.2 SFRSYM    DATA     BIT       RB8
      000000CBH   SFRSYM    DATA     BYTE      RCAP2H
      000000CAH   SFRSYM    DATA     BYTE      RCAP2L
      000000C8H.5 SFRSYM    DATA     BIT       RCLK
      000000ADH   SFRSYM    DATA     BYTE      REGX_CTRL
      000000ACH   SFRSYM    DATA     BYTE      REGX_LSB
      000000ABH   SFRSYM    DATA     BYTE      REGX_MSB
      00000098H.4 SFRSYM    DATA     BIT       REN
      00000098H   SFRSYM    DATA     BIT       RI
      000000D0H.3 SFRSYM    DATA     BIT       RS0
      000000D0H.4 SFRSYM    DATA     BIT       RS1
      000000B1H   SFRSYM    DATA     BYTE      RSTREAS
      00000080H.1 SFRSYM    DATA     BIT       RXD
      00000099H   SFRSYM    DATA     BYTE      SBUF
      00000098H   SFRSYM    DATA     BYTE      SCON
      00000098H.7 SFRSYM    DATA     BIT       SM0
      00000098H.6 SFRSYM    DATA     BIT       SM1
      00000098H.5 SFRSYM    DATA     BIT       SM2
      00000081H   SFRSYM    DATA     BYTE      SP
      0000008FH   SFRSYM    DATA     BYTE      SPC_FNC
      000000B3H   SFRSYM    DATA     BYTE      SPI_CTRL
      000000B2H   SFRSYM    DATA     BYTE      SPI_DATA
      000000B4H   SFRSYM    DATA     BYTE      SPICLK
      00000080H.5 SFRSYM    DATA     BIT       T0
      00000080H.6 SFRSYM    DATA     BIT       T1
      000000BCH   SFRSYM    DATA     BYTE      T1_1V2
      00000090H   SFRSYM    DATA     BIT       T2
      000000BDH   SFRSYM    DATA     BYTE      T2_1V2
      000000C8H   SFRSYM    DATA     BYTE      T2CON
      00000098H.3 SFRSYM    DATA     BIT       TB8
      000000C8H.4 SFRSYM    DATA     BIT       TCLK
      00000088H   SFRSYM    DATA     BYTE      TCON
      000000B7H   SFRSYM    DATA     BYTE      TEST_MODE
      00000088H.5 SFRSYM    DATA     BIT       TF0
      00000088H.7 SFRSYM    DATA     BIT       TF1
      000000C8H.7 SFRSYM    DATA     BIT       TF2
      0000008CH   SFRSYM    DATA     BYTE      TH0
      0000008DH   SFRSYM    DATA     BYTE      TH1
LX51 LINKER/LOCATER V4.34a                                                            02/18/2009  20:32:30  PAGE 8


      000000CDH   SFRSYM    DATA     BYTE      TH2
      00000098H.1 SFRSYM    DATA     BIT       TI
      000000B5H   SFRSYM    DATA     BYTE      TICK_DV
      0000008AH   SFRSYM    DATA     BYTE      TL0
      0000008BH   SFRSYM    DATA     BYTE      TL1
      000000CCH   SFRSYM    DATA     BYTE      TL2
      00000089H   SFRSYM    DATA     BYTE      TMOD
      00000088H.4 SFRSYM    DATA     BIT       TR0
      00000088H.6 SFRSYM    DATA     BIT       TR1
      000000C8H.2 SFRSYM    DATA     BIT       TR2
      00000080H.2 SFRSYM    DATA     BIT       TXD
      000000D8H.3 SFRSYM    DATA     BIT       WDTI
      00000039H   SYMBOL    DATA     BYTE      ?_BLINK_LED_BY_TIME?BYTE
      0000004DH   SYMBOL    DATA     BYTE      ?BLINK_FAST2?BYTE
      0000004BH   SYMBOL    DATA     BYTE      ?BLINK_FAST?BYTE
      0100016EH   SYMBOL    CODE     NEAR LAB  ?C0004
      01000189H   SYMBOL    CODE     NEAR LAB  ?C0005
      01000195H   SYMBOL    CODE     NEAR LAB  ?C0007
      010001BAH   SYMBOL    CODE     NEAR LAB  ?C0008
      010001ACH   SYMBOL    CODE     NEAR LAB  ?C0009
      010001FDH   SYMBOL    CODE     NEAR LAB  ?C0011
      010001C9H   SYMBOL    CODE     NEAR LAB  ?C0012
      010001E4H   SYMBOL    CODE     NEAR LAB  ?C0013
      01000265H   SYMBOL    CODE     NEAR LAB  ?C0015
      0100020DH   SYMBOL    CODE     NEAR LAB  ?C0016
      0100023CH   SYMBOL    CODE     NEAR LAB  ?C0017
      0100027DH   SYMBOL    CODE     NEAR LAB  ?C0020
      010002A9H   SYMBOL    CODE     NEAR LAB  ?C0021
      010002AEH   SYMBOL    CODE     NEAR LAB  ?C0023
      010002DAH   SYMBOL    CODE     NEAR LAB  ?C0024
      010002F8H   SYMBOL    CODE     NEAR LAB  ?C0026
      01000441H   SYMBOL    CODE     NEAR LAB  ?C0027
      0100046DH   SYMBOL    CODE     NEAR LAB  ?C0030
      0100100CH   SYMBOL    CODE     NEAR LAB  ?C0031
      01001029H   SYMBOL    CODE     NEAR LAB  ?C0034
      0100080CH   SYMBOL    CODE     NEAR LAB  ?C0035
      01000829H   SYMBOL    CODE     NEAR LAB  ?C0038
      0100030BH   SYMBOL    CODE     NEAR LAB  ?C0039
      01000328H   SYMBOL    CODE     NEAR LAB  ?C0040
      01000180H   SYMBOL    CODE     NEAR LAB  ?C0043
      010001B4H   SYMBOL    CODE     NEAR LAB  ?C0045
      010001C2H   SYMBOL    CODE     NEAR LAB  ?C0046
      010001DBH   SYMBOL    CODE     NEAR LAB  ?C0047
      01000235H   SYMBOL    CODE     NEAR LAB  ?C0048
      0100025CH   SYMBOL    CODE     NEAR LAB  ?C0049
      010002A7H   SYMBOL    CODE     NEAR LAB  ?C0050
      010002D8H   SYMBOL    CODE     NEAR LAB  ?C0051
      0100046BH   SYMBOL    CODE     NEAR LAB  ?C0052
      0100101EH   SYMBOL    CODE     NEAR LAB  ?C0053
      0100081EH   SYMBOL    CODE     NEAR LAB  ?C0054
      0100031DH   SYMBOL    CODE     NEAR LAB  ?C0055
      00000033H   SYMBOL    DATA     BYTE      ?ECO_PAGE_MANAGER?BYTE
      00000049H   SYMBOL    DATA     BYTE      ?ECO_PAGE_SEGMENT_UPDATE?BYTE
      0000004FH   SYMBOL    DATA     BYTE      ?MAIN?BYTE
      0000001CH   SYMBOL    DATA     BYTE      ECO_PAGE_ADDR
      0000000AH   SYMBOL    DATA     BYTE      ECO_PAGE_TABLE
      0000001DH   SYMBOL    DATA     BYTE      ECO_PAGE_TABLE_INDEX
      00000033H   SYMBOL    DATA     BYTE      I?344
      00000029H   SYMBOL    DATA     BYTE      I?451
      0000003DH   SYMBOL    DATA     BYTE      I?554
      0000004BH   SYMBOL    DATA     BYTE      I?655
      0000004DH   SYMBOL    DATA     BYTE      I?756
      0000004FH   SYMBOL    DATA     BYTE      I?857
      00000014H   SYMBOL    DATA     BYTE      JUMP_ADDR
      00000008H   SYMBOL    DATA     BYTE      PAGE_ADDR
LX51 LINKER/LOCATER V4.34a                                                            02/18/2009  20:32:30  PAGE 9


      00000035H   SYMBOL    DATA     BYTE      PAGE_INDEX?345
      00000016H   SYMBOL    DATA     BYTE      PAGE_TABLE_INDEX
      00000027H   SYMBOL    DATA     BYTE      S?450
      00000049H   SYMBOL    DATA     BYTE      SEG?242
      00000037H   SYMBOL    DATA     BYTE      SEG?343
      0000003BH   SYMBOL    DATA     BYTE      SLOT?553
      00000018H   SYMBOL    DATA     BYTE      SP_ADDR_H
      0000001AH   SYMBOL    DATA     BYTE      SP_ADDR_L
      00000039H   SYMBOL    DATA     BYTE      TIMES?552
      00000025H   SYMBOL    DATA     BYTE      W?449
      0000001FH   SYMBOL    DATA     BYTE      X?446
      00000021H   SYMBOL    DATA     BYTE      Y?447
      00000023H   SYMBOL    DATA     BYTE      Z?448

      0100049AH   BLOCK     CODE     NEAR LAB  LVL=0
      0100049AH   LINE      CODE     ---       #284
      0100049DH   LINE      CODE     ---       #285
      010004A0H   LINE      CODE     ---       #290
      010004A3H   LINE      CODE     ---       #293
      010004A6H   LINE      CODE     ---       #296
      010004A9H   LINE      CODE     ---       #299
      010004ACH   LINE      CODE     ---       #302
      010004AFH   LINE      CODE     ---       #305
      010004B2H   LINE      CODE     ---       #308
      010004B5H   LINE      CODE     ---       #311
      010004B8H   LINE      CODE     ---       #314
      010004BBH   LINE      CODE     ---       #317
      010004BEH   LINE      CODE     ---       #321
      ---         BLOCKEND  ---      ---       LVL=0

      01000534H   BLOCK     CODE     NEAR LAB  LVL=0
      01000534H   LINE      CODE     ---       #337
      01000536H   LINE      CODE     ---       #338
      01000537H   LINE      CODE     ---       #339
      01000538H   LINE      CODE     ---       #340
      0100053AH   LINE      CODE     ---       #343
      ---         BLOCKEND  ---      ---       LVL=0

      0100053BH   BLOCK     CODE     NEAR LAB  LVL=0
      0100053BH   LINE      CODE     ---       #356
      0100053EH   LINE      CODE     ---       #357
      01000541H   LINE      CODE     ---       #362
      ---         BLOCKEND  ---      ---       LVL=0

      01000163H   BLOCK     CODE     NEAR LAB  LVL=0
      01000163H   LINE      CODE     ---       #376
      01000165H   LINE      CODE     ---       #377
      01000167H   LINE      CODE     ---       #378
      01000169H   LINE      CODE     ---       #383
      0100016AH   LINE      CODE     ---       #384
      0100016CH   LINE      CODE     ---       #385
      0100016EH   LINE      CODE     ---       #391
      01000171H   LINE      CODE     ---       #394
      01000173H   LINE      CODE     ---       #395
      01000175H   LINE      CODE     ---       #396
      01000178H   LINE      CODE     ---       #399
      0100017AH   LINE      CODE     ---       #400
      0100017CH   LINE      CODE     ---       #401
      0100017EH   LINE      CODE     ---       #402
      01000180H   LINE      CODE     ---       #404
      01000181H   LINE      CODE     ---       #405
      01000183H   LINE      CODE     ---       #406
      01000185H   LINE      CODE     ---       #407
      01000187H   LINE      CODE     ---       #408
      01000189H   LINE      CODE     ---       #413
LX51 LINKER/LOCATER V4.34a                                                            02/18/2009  20:32:30  PAGE 10


      0100018BH   LINE      CODE     ---       #414
      0100018DH   LINE      CODE     ---       #415
      01000190H   LINE      CODE     ---       #420
      01000191H   LINE      CODE     ---       #421
      01000193H   LINE      CODE     ---       #422
      01000195H   LINE      CODE     ---       #428
      01000197H   LINE      CODE     ---       #429
      01000199H   LINE      CODE     ---       #430
      0100019AH   LINE      CODE     ---       #431
      0100019BH   LINE      CODE     ---       #432
      0100019CH   LINE      CODE     ---       #433
      0100019DH   LINE      CODE     ---       #434
      010001A0H   LINE      CODE     ---       #435
      010001A1H   LINE      CODE     ---       #436
      010001A4H   LINE      CODE     ---       #441
      010001A7H   LINE      CODE     ---       #442
      010001AAH   LINE      CODE     ---       #445
      010001ACH   LINE      CODE     ---       #452
      010001AEH   LINE      CODE     ---       #453
      010001B0H   LINE      CODE     ---       #454
      010001B2H   LINE      CODE     ---       #455
      010001B4H   LINE      CODE     ---       #457
      010001B6H   LINE      CODE     ---       #458
      010001B8H   LINE      CODE     ---       #459
      010001BAH   LINE      CODE     ---       #463
      010001BCH   LINE      CODE     ---       #464
      010001BDH   LINE      CODE     ---       #465
      010001BFH   LINE      CODE     ---       #466
      010001C1H   LINE      CODE     ---       #467
      010001C2H   LINE      CODE     ---       #469
      010001C4H   LINE      CODE     ---       #475
      010001C5H   LINE      CODE     ---       #476
      010001C7H   LINE      CODE     ---       #477
      010001C9H   LINE      CODE     ---       #483
      010001CCH   LINE      CODE     ---       #486
      010001CEH   LINE      CODE     ---       #487
      010001D0H   LINE      CODE     ---       #488
      010001D3H   LINE      CODE     ---       #491
      010001D5H   LINE      CODE     ---       #492
      010001D7H   LINE      CODE     ---       #493
      010001D9H   LINE      CODE     ---       #494
      010001DBH   LINE      CODE     ---       #496
      010001DCH   LINE      CODE     ---       #497
      010001DEH   LINE      CODE     ---       #498
      010001E0H   LINE      CODE     ---       #499
      010001E2H   LINE      CODE     ---       #500
      010001E4H   LINE      CODE     ---       #504
      010001E6H   LINE      CODE     ---       #505
      010001E8H   LINE      CODE     ---       #506
      010001E9H   LINE      CODE     ---       #507
      010001EAH   LINE      CODE     ---       #508
      010001ECH   LINE      CODE     ---       #509
      010001EDH   LINE      CODE     ---       #510
      010001F0H   LINE      CODE     ---       #511
      010001F2H   LINE      CODE     ---       #514
      010001F5H   LINE      CODE     ---       #516
      010001F8H   LINE      CODE     ---       #517
      010001FBH   LINE      CODE     ---       #521
      010001FDH   LINE      CODE     ---       #530
      010001FFH   LINE      CODE     ---       #531
      01000201H   LINE      CODE     ---       #532
      01000202H   LINE      CODE     ---       #533
      01000203H   LINE      CODE     ---       #534
      01000205H   LINE      CODE     ---       #535
      01000208H   LINE      CODE     ---       #539
LX51 LINKER/LOCATER V4.34a                                                            02/18/2009  20:32:30  PAGE 11


      01000209H   LINE      CODE     ---       #540
      0100020BH   LINE      CODE     ---       #541
      0100020DH   LINE      CODE     ---       #547
      0100020FH   LINE      CODE     ---       #548
      01000211H   LINE      CODE     ---       #549
      01000212H   LINE      CODE     ---       #550
      01000213H   LINE      CODE     ---       #551
      01000215H   LINE      CODE     ---       #552
      01000216H   LINE      CODE     ---       #553
      01000218H   LINE      CODE     ---       #554
      01000219H   LINE      CODE     ---       #555
      0100021BH   LINE      CODE     ---       #556
      0100021CH   LINE      CODE     ---       #557
      0100021FH   LINE      CODE     ---       #558
      01000221H   LINE      CODE     ---       #559
      01000223H   LINE      CODE     ---       #560
      01000225H   LINE      CODE     ---       #561
      01000227H   LINE      CODE     ---       #562
      01000229H   LINE      CODE     ---       #563
      0100022BH   LINE      CODE     ---       #564
      0100022CH   LINE      CODE     ---       #565
      0100022DH   LINE      CODE     ---       #568
      0100022FH   LINE      CODE     ---       #569
      01000231H   LINE      CODE     ---       #570
      01000233H   LINE      CODE     ---       #571
      01000235H   LINE      CODE     ---       #573
      01000236H   LINE      CODE     ---       #574
      01000238H   LINE      CODE     ---       #575
      0100023AH   LINE      CODE     ---       #576
      0100023CH   LINE      CODE     ---       #582
      0100023EH   LINE      CODE     ---       #583
      0100023FH   LINE      CODE     ---       #584
      01000241H   LINE      CODE     ---       #585
      01000243H   LINE      CODE     ---       #586
      01000244H   LINE      CODE     ---       #587
      01000246H   LINE      CODE     ---       #592
      01000248H   LINE      CODE     ---       #593
      0100024AH   LINE      CODE     ---       #594
      0100024BH   LINE      CODE     ---       #595
      0100024CH   LINE      CODE     ---       #596
      0100024EH   LINE      CODE     ---       #597
      0100024FH   LINE      CODE     ---       #598
      01000252H   LINE      CODE     ---       #599
      01000254H   LINE      CODE     ---       #603
      01000256H   LINE      CODE     ---       #604
      01000258H   LINE      CODE     ---       #605
      0100025AH   LINE      CODE     ---       #606
      0100025CH   LINE      CODE     ---       #613
      0100025FH   LINE      CODE     ---       #615
      01000262H   LINE      CODE     ---       #616
      01000265H   LINE      CODE     ---       #626
      01000267H   LINE      CODE     ---       #627
      01000269H   LINE      CODE     ---       #628
      ---         BLOCKEND  ---      ---       LVL=0

      0100026CH   BLOCK     CODE     NEAR LAB  LVL=0
      0100026CH   LINE      CODE     ---       #641
      0100026EH   LINE      CODE     ---       #642
      01000270H   LINE      CODE     ---       #643
      01000272H   LINE      CODE     ---       #644
      01000274H   LINE      CODE     ---       #645
      01000276H   LINE      CODE     ---       #646
      01000278H   LINE      CODE     ---       #653
      01000279H   LINE      CODE     ---       #654
      0100027BH   LINE      CODE     ---       #655
LX51 LINKER/LOCATER V4.34a                                                            02/18/2009  20:32:30  PAGE 12


      0100027DH   LINE      CODE     ---       #657
      0100027EH   LINE      CODE     ---       #658
      01000280H   LINE      CODE     ---       #659
      01000282H   LINE      CODE     ---       #660
      01000284H   LINE      CODE     ---       #661
      01000286H   LINE      CODE     ---       #662
      01000287H   LINE      CODE     ---       #663
      01000289H   LINE      CODE     ---       #664
      0100028BH   LINE      CODE     ---       #665
      0100028CH   LINE      CODE     ---       #666
      0100028EH   LINE      CODE     ---       #671
      01000291H   LINE      CODE     ---       #674
      01000293H   LINE      CODE     ---       #675
      01000295H   LINE      CODE     ---       #676
      01000297H   LINE      CODE     ---       #677
      01000299H   LINE      CODE     ---       #678
      0100029CH   LINE      CODE     ---       #679
      0100029FH   LINE      CODE     ---       #682
      010002A1H   LINE      CODE     ---       #683
      010002A3H   LINE      CODE     ---       #684
      010002A5H   LINE      CODE     ---       #685
      010002A7H   LINE      CODE     ---       #687
      010002A9H   LINE      CODE     ---       #692
      010002AAH   LINE      CODE     ---       #693
      010002ACH   LINE      CODE     ---       #694
      010002AEH   LINE      CODE     ---       #696
      010002AFH   LINE      CODE     ---       #697
      010002B1H   LINE      CODE     ---       #698
      010002B3H   LINE      CODE     ---       #699
      010002B5H   LINE      CODE     ---       #700
      010002B7H   LINE      CODE     ---       #701
      010002B8H   LINE      CODE     ---       #702
      010002BAH   LINE      CODE     ---       #703
      010002BCH   LINE      CODE     ---       #704
      010002BDH   LINE      CODE     ---       #705
      010002BFH   LINE      CODE     ---       #710
      010002C2H   LINE      CODE     ---       #713
      010002C4H   LINE      CODE     ---       #714
      010002C6H   LINE      CODE     ---       #715
      010002C8H   LINE      CODE     ---       #716
      010002CAH   LINE      CODE     ---       #717
      010002CDH   LINE      CODE     ---       #718
      010002D0H   LINE      CODE     ---       #721
      010002D2H   LINE      CODE     ---       #722
      010002D4H   LINE      CODE     ---       #723
      010002D6H   LINE      CODE     ---       #724
      010002D8H   LINE      CODE     ---       #726
      010002DAH   LINE      CODE     ---       #731
      010002DCH   LINE      CODE     ---       #732
      010002DEH   LINE      CODE     ---       #733
      010002E0H   LINE      CODE     ---       #734
      010002E2H   LINE      CODE     ---       #735
      010002E5H   LINE      CODE     ---       #736
      010002E8H   LINE      CODE     ---       #740
      010002EAH   LINE      CODE     ---       #741
      010002ECH   LINE      CODE     ---       #742
      010002EDH   LINE      CODE     ---       #743
      010002EFH   LINE      CODE     ---       #744
      010002F1H   LINE      CODE     ---       #745
      010002F2H   LINE      CODE     ---       #746
      010002F4H   LINE      CODE     ---       #747
      010002F5H   LINE      CODE     ---       #748
      010002F7H   LINE      CODE     ---       #749
      010002F8H   LINE      CODE     ---       #753
      ---         BLOCKEND  ---      ---       LVL=0
LX51 LINKER/LOCATER V4.34a                                                            02/18/2009  20:32:30  PAGE 13



      01000434H   BLOCK     CODE     NEAR LAB  LVL=0
      01000434H   LINE      CODE     ---       #763
      01000436H   LINE      CODE     ---       #764
      01000438H   LINE      CODE     ---       #765
      0100043AH   LINE      CODE     ---       #766
      0100043CH   LINE      CODE     ---       #772
      0100043DH   LINE      CODE     ---       #773
      0100043FH   LINE      CODE     ---       #774
      01000441H   LINE      CODE     ---       #776
      01000442H   LINE      CODE     ---       #777
      01000444H   LINE      CODE     ---       #778
      01000446H   LINE      CODE     ---       #779
      01000448H   LINE      CODE     ---       #780
      0100044AH   LINE      CODE     ---       #781
      0100044BH   LINE      CODE     ---       #782
      0100044DH   LINE      CODE     ---       #783
      0100044FH   LINE      CODE     ---       #784
      01000450H   LINE      CODE     ---       #785
      01000452H   LINE      CODE     ---       #790
      01000455H   LINE      CODE     ---       #793
      01000457H   LINE      CODE     ---       #794
      01000459H   LINE      CODE     ---       #795
      0100045BH   LINE      CODE     ---       #796
      0100045DH   LINE      CODE     ---       #797
      01000460H   LINE      CODE     ---       #798
      01000463H   LINE      CODE     ---       #801
      01000465H   LINE      CODE     ---       #802
      01000467H   LINE      CODE     ---       #803
      01000469H   LINE      CODE     ---       #804
      0100046BH   LINE      CODE     ---       #806
      0100046DH   LINE      CODE     ---       #810
      ---         BLOCKEND  ---      ---       LVL=0

      01001000H   BLOCK     CODE     NEAR LAB  LVL=0
      01001000H   LINE      CODE     ---       #826
      01001002H   LINE      CODE     ---       #827
      01001004H   LINE      CODE     ---       #828
      01001007H   LINE      CODE     ---       #831
      01001008H   LINE      CODE     ---       #832
      0100100AH   LINE      CODE     ---       #833
      0100100CH   LINE      CODE     ---       #839
      0100100FH   LINE      CODE     ---       #842
      01001011H   LINE      CODE     ---       #843
      01001013H   LINE      CODE     ---       #844
      01001016H   LINE      CODE     ---       #847
      01001018H   LINE      CODE     ---       #848
      0100101AH   LINE      CODE     ---       #849
      0100101CH   LINE      CODE     ---       #850
      0100101EH   LINE      CODE     ---       #852
      0100101FH   LINE      CODE     ---       #853
      01001021H   LINE      CODE     ---       #854
      01001023H   LINE      CODE     ---       #855
      01001025H   LINE      CODE     ---       #856
      01001027H   LINE      CODE     ---       #857
      01001029H   LINE      CODE     ---       #861
      ---         BLOCKEND  ---      ---       LVL=0

      01000800H   BLOCK     CODE     NEAR LAB  LVL=0
      01000800H   LINE      CODE     ---       #875
      01000802H   LINE      CODE     ---       #876
      01000804H   LINE      CODE     ---       #877
      01000807H   LINE      CODE     ---       #880
      01000808H   LINE      CODE     ---       #881
      0100080AH   LINE      CODE     ---       #882
LX51 LINKER/LOCATER V4.34a                                                            02/18/2009  20:32:30  PAGE 14


      0100080CH   LINE      CODE     ---       #888
      0100080FH   LINE      CODE     ---       #891
      01000811H   LINE      CODE     ---       #892
      01000813H   LINE      CODE     ---       #893
      01000816H   LINE      CODE     ---       #896
      01000818H   LINE      CODE     ---       #897
      0100081AH   LINE      CODE     ---       #898
      0100081CH   LINE      CODE     ---       #899
      0100081EH   LINE      CODE     ---       #901
      0100081FH   LINE      CODE     ---       #902
      01000821H   LINE      CODE     ---       #903
      01000823H   LINE      CODE     ---       #904
      01000825H   LINE      CODE     ---       #905
      01000827H   LINE      CODE     ---       #906
      01000829H   LINE      CODE     ---       #910
      ---         BLOCKEND  ---      ---       LVL=0

      010002F9H   BLOCK     CODE     NEAR LAB  LVL=0
      010002F9H   LINE      CODE     ---       #933
      010002FCH   LINE      CODE     ---       #936
      010002FFH   LINE      CODE     ---       #940
      01000301H   LINE      CODE     ---       #941
      01000303H   LINE      CODE     ---       #942
      01000306H   LINE      CODE     ---       #946
      01000307H   LINE      CODE     ---       #947
      01000309H   LINE      CODE     ---       #948
      0100030BH   LINE      CODE     ---       #955
      0100030EH   LINE      CODE     ---       #958
      01000310H   LINE      CODE     ---       #959
      01000312H   LINE      CODE     ---       #960
      01000315H   LINE      CODE     ---       #963
      01000317H   LINE      CODE     ---       #964
      01000319H   LINE      CODE     ---       #965
      0100031BH   LINE      CODE     ---       #966
      0100031DH   LINE      CODE     ---       #968
      0100031EH   LINE      CODE     ---       #969
      01000320H   LINE      CODE     ---       #970
      01000322H   LINE      CODE     ---       #971
      01000324H   LINE      CODE     ---       #972
      01000326H   LINE      CODE     ---       #973
      01000328H   LINE      CODE     ---       #978
      0100032AH   LINE      CODE     ---       #979
      0100032CH   LINE      CODE     ---       #980
      0100032FH   LINE      CODE     ---       #984
      01000332H   LINE      CODE     ---       #993
      01000334H   LINE      CODE     ---       #994
      01000336H   LINE      CODE     ---       #995
      01000339H   LINE      CODE     ---       #999
      0100033CH   LINE      CODE     ---       #1006
      0100033FH   LINE      CODE     ---       #1007
      01000342H   LINE      CODE     ---       #1008
      01000345H   LINE      CODE     ---       #1012
      01000347H   LINE      CODE     ---       #1013
      01000349H   LINE      CODE     ---       #1014
      0100034CH   LINE      CODE     ---       #1021
      0100034FH   LINE      CODE     ---       #1022
      01000352H   LINE      CODE     ---       #1023
      01000355H   LINE      CODE     ---       #1031
      01000357H   LINE      CODE     ---       #1032
      01000359H   LINE      CODE     ---       #1033
      0100035CH   LINE      CODE     ---       #1038
      0100035FH   LINE      CODE     ---       #1039
      01000362H   LINE      CODE     ---       #1040
      01000365H   LINE      CODE     ---       #1043
      01000367H   LINE      CODE     ---       #1044
LX51 LINKER/LOCATER V4.34a                                                            02/18/2009  20:32:30  PAGE 15


      01000369H   LINE      CODE     ---       #1045
      ---         BLOCKEND  ---      ---       LVL=0

      ---         MODULE    ---      ---       UTILS
      0000002BH   PUBLIC    DATA     BYTE      ?_STRNCPY?BYTE
      0100036CH   PUBLIC    CODE     NEAR LAB  _MDELAY
      01000503H   PUBLIC    CODE     NEAR LAB  _STORE_CPU_RATE
      010003B5H   PUBLIC    CODE     NEAR LAB  _STRNCPY
      010004E2H   PUBLIC    CODE     NEAR LAB  _WDT_LOAD
      0000003FH   PUBLIC    DATA     BYTE      MHZ
      000000D0H.6 SFRSYM    DATA     BIT       AC
      000000E0H   SFRSYM    DATA     BYTE      ACC
      000000A1H   SFRSYM    DATA     BYTE      ADCCON
      000000A2H   SFRSYM    DATA     BYTE      ADCDATAH
      000000A3H   SFRSYM    DATA     BYTE      ADCDATAL
      000000A4H   SFRSYM    DATA     BYTE      ADCSTATIC
      000000F0H   SFRSYM    DATA     BYTE      B
      000000C8H.1 SFRSYM    DATA     BIT       C_T2
      000000A0H.6 SFRSYM    DATA     BIT       CE
      000000B6H   SFRSYM    DATA     BYTE      CK_CTRL
      0000008EH   SFRSYM    DATA     BYTE      CKCON
      000000A0H.1 SFRSYM    DATA     BIT       CLK1
      000000A0H.5 SFRSYM    DATA     BIT       CLK2
      000000C8H   SFRSYM    DATA     BIT       CP_RL2
      000000C8H   SFRSYM    DATA     BIT       CPRL2
      000000A0H.3 SFRSYM    DATA     BIT       CS
      000000C8H.1 SFRSYM    DATA     BIT       CT2
      000000D0H.7 SFRSYM    DATA     BIT       CY
      000000A0H   SFRSYM    DATA     BIT       DATA?
      000000BEH   SFRSYM    DATA     BYTE      DEV_OFFSET
      00000090H.2 SFRSYM    DATA     BIT       DIN0
      00000090H   SFRSYM    DATA     BIT       DIO0
      00000090H.1 SFRSYM    DATA     BIT       DIO1
      00000080H   SFRSYM    DATA     BIT       DIO2
      00000080H.1 SFRSYM    DATA     BIT       DIO3
      00000080H.2 SFRSYM    DATA     BIT       DIO4
      00000080H.3 SFRSYM    DATA     BIT       DIO5
      00000080H.4 SFRSYM    DATA     BIT       DIO6
      00000080H.5 SFRSYM    DATA     BIT       DIO7
      00000080H.6 SFRSYM    DATA     BIT       DIO8
      00000080H.7 SFRSYM    DATA     BIT       DIO9
      000000A0H.4 SFRSYM    DATA     BIT       DOUT2
      00000083H   SFRSYM    DATA     BYTE      DPH
      00000083H   SFRSYM    DATA     BYTE      DPH0
      00000085H   SFRSYM    DATA     BYTE      DPH1
      00000082H   SFRSYM    DATA     BYTE      DPL
      00000082H   SFRSYM    DATA     BYTE      DPL0
      00000084H   SFRSYM    DATA     BYTE      DPL1
      00000086H   SFRSYM    DATA     BYTE      DPS
      000000A0H.2 SFRSYM    DATA     BIT       DR1
      000000A0H.6 SFRSYM    DATA     BIT       DR2
      000000A0H.6 SFRSYM    DATA     BIT       DR2_CE
      000000A8H.7 SFRSYM    DATA     BIT       EA
      000000D8H   SFRSYM    DATA     BYTE      EICON
      000000E8H   SFRSYM    DATA     BYTE      EIE
      000000F8H   SFRSYM    DATA     BYTE      EIP
      000000A8H.4 SFRSYM    DATA     BIT       ES
      000000A8H.1 SFRSYM    DATA     BIT       ET0
      000000A8H.3 SFRSYM    DATA     BIT       ET1
      000000A8H.5 SFRSYM    DATA     BIT       ET2
      000000E8H.4 SFRSYM    DATA     BIT       EWDI
      000000A8H   SFRSYM    DATA     BIT       EX0
      000000A8H.2 SFRSYM    DATA     BIT       EX1
      000000E8H   SFRSYM    DATA     BIT       EX2
      000000E8H.1 SFRSYM    DATA     BIT       EX3
LX51 LINKER/LOCATER V4.34a                                                            02/18/2009  20:32:30  PAGE 16


      000000E8H.2 SFRSYM    DATA     BIT       EX4
      000000E8H.3 SFRSYM    DATA     BIT       EX5
      000000C8H.3 SFRSYM    DATA     BIT       EXEN2
      000000C8H.6 SFRSYM    DATA     BIT       EXF2
      00000091H   SFRSYM    DATA     BYTE      EXIF
      000000D0H.5 SFRSYM    DATA     BIT       F0
      000000D0H.1 SFRSYM    DATA     BIT       F1
      000000A8H   SFRSYM    DATA     BYTE      IE
      00000088H.1 SFRSYM    DATA     BIT       IE0
      00000088H.3 SFRSYM    DATA     BIT       IE1
      00000080H.3 SFRSYM    DATA     BIT       INT0_N
      00000080H.4 SFRSYM    DATA     BIT       INT1_N
      000000B8H   SFRSYM    DATA     BYTE      IP
      00000088H   SFRSYM    DATA     BIT       IT0
      00000088H.2 SFRSYM    DATA     BIT       IT1
      00000092H   SFRSYM    DATA     BYTE      MPAGE
      000000D0H.2 SFRSYM    DATA     BIT       OV
      000000D0H   SFRSYM    DATA     BIT       P
      00000080H   SFRSYM    DATA     BYTE      P0
      00000080H   SFRSYM    DATA     BIT       P0_0
      00000080H.1 SFRSYM    DATA     BIT       P0_1
      00000080H.2 SFRSYM    DATA     BIT       P0_2
      00000080H.3 SFRSYM    DATA     BIT       P0_3
      00000080H.4 SFRSYM    DATA     BIT       P0_4
      00000080H.5 SFRSYM    DATA     BIT       P0_5
      00000080H.6 SFRSYM    DATA     BIT       P0_6
      00000080H.7 SFRSYM    DATA     BIT       P0_7
      00000095H   SFRSYM    DATA     BYTE      P0_ALT
      00000094H   SFRSYM    DATA     BYTE      P0_DIR
      00000090H   SFRSYM    DATA     BYTE      P1
      00000090H   SFRSYM    DATA     BIT       P1_0
      00000090H.1 SFRSYM    DATA     BIT       P1_1
      00000090H.2 SFRSYM    DATA     BIT       P1_2
      00000097H   SFRSYM    DATA     BYTE      P1_ALT
      00000096H   SFRSYM    DATA     BYTE      P1_DIR
      00000087H   SFRSYM    DATA     BYTE      PCON
      000000B8H.4 SFRSYM    DATA     BIT       PS
      000000D0H   SFRSYM    DATA     BYTE      PSW
      000000B8H.1 SFRSYM    DATA     BIT       PT0
      000000B8H.3 SFRSYM    DATA     BIT       PT1
      000000B8H.5 SFRSYM    DATA     BIT       PT2
      000000F8H.4 SFRSYM    DATA     BIT       PWDI
      00000080H.7 SFRSYM    DATA     BIT       PWM
      000000A9H   SFRSYM    DATA     BYTE      PWMCON
      000000AAH   SFRSYM    DATA     BYTE      PWMDUTY
      000000A0H.7 SFRSYM    DATA     BIT       PWR_UP
      000000B8H   SFRSYM    DATA     BIT       PX0
      000000B8H.2 SFRSYM    DATA     BIT       PX1
      000000F8H   SFRSYM    DATA     BIT       PX2
      000000F8H.1 SFRSYM    DATA     BIT       PX3
      000000F8H.2 SFRSYM    DATA     BIT       PX4
      000000F8H.3 SFRSYM    DATA     BIT       PX5
      000000A0H   SFRSYM    DATA     BYTE      RADIO
      00000098H.2 SFRSYM    DATA     BIT       RB8
      000000CBH   SFRSYM    DATA     BYTE      RCAP2H
      000000CAH   SFRSYM    DATA     BYTE      RCAP2L
      000000C8H.5 SFRSYM    DATA     BIT       RCLK
      000000ADH   SFRSYM    DATA     BYTE      REGX_CTRL
      000000ACH   SFRSYM    DATA     BYTE      REGX_LSB
      000000ABH   SFRSYM    DATA     BYTE      REGX_MSB
      00000098H.4 SFRSYM    DATA     BIT       REN
      00000098H   SFRSYM    DATA     BIT       RI
      000000D0H.3 SFRSYM    DATA     BIT       RS0
      000000D0H.4 SFRSYM    DATA     BIT       RS1
      000000B1H   SFRSYM    DATA     BYTE      RSTREAS
LX51 LINKER/LOCATER V4.34a                                                            02/18/2009  20:32:30  PAGE 17


      00000080H.1 SFRSYM    DATA     BIT       RXD
      00000099H   SFRSYM    DATA     BYTE      SBUF
      00000098H   SFRSYM    DATA     BYTE      SCON
      00000098H.7 SFRSYM    DATA     BIT       SM0
      00000098H.6 SFRSYM    DATA     BIT       SM1
      00000098H.5 SFRSYM    DATA     BIT       SM2
      00000081H   SFRSYM    DATA     BYTE      SP
      0000008FH   SFRSYM    DATA     BYTE      SPC_FNC
      000000B3H   SFRSYM    DATA     BYTE      SPI_CTRL
      000000B2H   SFRSYM    DATA     BYTE      SPI_DATA
      000000B4H   SFRSYM    DATA     BYTE      SPICLK
      00000080H.5 SFRSYM    DATA     BIT       T0
      00000080H.6 SFRSYM    DATA     BIT       T1
      000000BCH   SFRSYM    DATA     BYTE      T1_1V2
      00000090H   SFRSYM    DATA     BIT       T2
      000000BDH   SFRSYM    DATA     BYTE      T2_1V2
      000000C8H   SFRSYM    DATA     BYTE      T2CON
      00000098H.3 SFRSYM    DATA     BIT       TB8
      000000C8H.4 SFRSYM    DATA     BIT       TCLK
      00000088H   SFRSYM    DATA     BYTE      TCON
      000000B7H   SFRSYM    DATA     BYTE      TEST_MODE
      00000088H.5 SFRSYM    DATA     BIT       TF0
      00000088H.7 SFRSYM    DATA     BIT       TF1
      000000C8H.7 SFRSYM    DATA     BIT       TF2
      0000008CH   SFRSYM    DATA     BYTE      TH0
      0000008DH   SFRSYM    DATA     BYTE      TH1
      000000CDH   SFRSYM    DATA     BYTE      TH2
      00000098H.1 SFRSYM    DATA     BIT       TI
      000000B5H   SFRSYM    DATA     BYTE      TICK_DV
      0000008AH   SFRSYM    DATA     BYTE      TL0
      0000008BH   SFRSYM    DATA     BYTE      TL1
      000000CCH   SFRSYM    DATA     BYTE      TL2
      00000089H   SFRSYM    DATA     BYTE      TMOD
      00000088H.4 SFRSYM    DATA     BIT       TR0
      00000088H.6 SFRSYM    DATA     BIT       TR1
      000000C8H.2 SFRSYM    DATA     BIT       TR2
      00000080H.2 SFRSYM    DATA     BIT       TXD
      000000D8H.3 SFRSYM    DATA     BIT       WDTI
      00000051H   SYMBOL    DATA     BYTE      ?_MDELAY?BYTE
      0100038DH   SYMBOL    CODE     NEAR LAB  ?C0002
      010003ADH   SYMBOL    CODE     NEAR LAB  ?C0004
      01000399H   SYMBOL    CODE     NEAR LAB  ?C0005
      010003B4H   SYMBOL    CODE     NEAR LAB  ?C0008
      010004E6H   SYMBOL    CODE     NEAR LAB  ?C0009
      010004EBH   SYMBOL    CODE     NEAR LAB  ?C0010
      010003BEH   SYMBOL    CODE     NEAR LAB  ?C0012
      010003F8H   SYMBOL    CODE     NEAR LAB  ?C0015
      010003ABH   SYMBOL    CODE     NEAR LAB  ?C0016
      010003B2H   SYMBOL    CODE     NEAR LAB  ?C0017
      010003D9H   SYMBOL    CODE     NEAR LAB  ?C0018
      010003EBH   SYMBOL    CODE     NEAR LAB  ?C0019
      010003F6H   SYMBOL    CODE     NEAR LAB  ?C0020
      0000002EH   SYMBOL    DATA     BYTE      DST?347
      00000051H   SYMBOL    DATA     BYTE      MSEC?141
      00000031H   SYMBOL    DATA     BYTE      N?348
      0000002BH   SYMBOL    DATA     BYTE      SRC?346

      01000503H   BLOCK     CODE     NEAR LAB  LVL=0
      01000503H   LINE      CODE     ---       #231
      01000504H   LINE      CODE     ---       #232
      01000505H   LINE      CODE     ---       #233
      01000507H   LINE      CODE     ---       #234
      01000509H   LINE      CODE     ---       #235
      0100050BH   LINE      CODE     ---       #236
      0100050DH   LINE      CODE     ---       #237
LX51 LINKER/LOCATER V4.34a                                                            02/18/2009  20:32:30  PAGE 18


      0100050FH   LINE      CODE     ---       #240
      ---         BLOCKEND  ---      ---       LVL=0

      0100036CH   BLOCK     CODE     NEAR LAB  LVL=0
      0100036CH   LINE      CODE     ---       #256
      0100036EH   LINE      CODE     ---       #257
      01000370H   LINE      CODE     ---       #263
      01000371H   LINE      CODE     ---       #264
      01000373H   LINE      CODE     ---       #265
      01000374H   LINE      CODE     ---       #266
      01000375H   LINE      CODE     ---       #267
      01000376H   LINE      CODE     ---       #268
      01000378H   LINE      CODE     ---       #269
      0100037AH   LINE      CODE     ---       #270
      0100037CH   LINE      CODE     ---       #271
      0100037EH   LINE      CODE     ---       #272
      01000381H   LINE      CODE     ---       #273
      01000382H   LINE      CODE     ---       #274
      01000384H   LINE      CODE     ---       #275
      01000385H   LINE      CODE     ---       #276
      01000386H   LINE      CODE     ---       #277
      01000387H   LINE      CODE     ---       #278
      0100038AH   LINE      CODE     ---       #283
      0100038BH   LINE      CODE     ---       #284
      0100038CH   LINE      CODE     ---       #285
      0100038DH   LINE      CODE     ---       #287
      0100038EH   LINE      CODE     ---       #288
      0100038FH   LINE      CODE     ---       #289
      01000391H   LINE      CODE     ---       #290
      01000392H   LINE      CODE     ---       #291
      01000394H   LINE      CODE     ---       #292
      01000396H   LINE      CODE     ---       #296
      01000397H   LINE      CODE     ---       #297
      01000398H   LINE      CODE     ---       #298
      01000399H   LINE      CODE     ---       #300
      0100039AH   LINE      CODE     ---       #301
      0100039BH   LINE      CODE     ---       #302
      0100039CH   LINE      CODE     ---       #303
      0100039DH   LINE      CODE     ---       #304
      0100039FH   LINE      CODE     ---       #305
      010003A0H   LINE      CODE     ---       #306
      010003A1H   LINE      CODE     ---       #307
      010003A3H   LINE      CODE     ---       #308
      010003A4H   LINE      CODE     ---       #309
      010003A6H   LINE      CODE     ---       #310
      010003A7H   LINE      CODE     ---       #311
      010003AAH   LINE      CODE     ---       #312
      010003ABH   LINE      CODE     ---       #314
      010003ADH   LINE      CODE     ---       #316
      010003AEH   LINE      CODE     ---       #317
      010003B1H   LINE      CODE     ---       #318
      010003B2H   LINE      CODE     ---       #320
      010003B4H   LINE      CODE     ---       #325
      ---         BLOCKEND  ---      ---       LVL=0

      010004E2H   BLOCK     CODE     NEAR LAB  LVL=0
      010004E2H   LINE      CODE     ---       #341
      010004E4H   LINE      CODE     ---       #342
      010004E6H   LINE      CODE     ---       #348
      010004E8H   LINE      CODE     ---       #349
      010004EBH   LINE      CODE     ---       #354
      010004EDH   LINE      CODE     ---       #357
      010004EEH   LINE      CODE     ---       #358
      010004F0H   LINE      CODE     ---       #361
      010004F3H   LINE      CODE     ---       #364
LX51 LINKER/LOCATER V4.34a                                                            02/18/2009  20:32:30  PAGE 19


      ---         BLOCKEND  ---      ---       LVL=0

      010003B5H   BLOCK     CODE     NEAR LAB  LVL=0
      010003B5H   LINE      CODE     ---       #380
      010003B7H   LINE      CODE     ---       #381
      010003B9H   LINE      CODE     ---       #382
      010003BBH   LINE      CODE     ---       #389
      010003BCH   LINE      CODE     ---       #390
      010003BDH   LINE      CODE     ---       #391
      010003BEH   LINE      CODE     ---       #393
      010003BFH   LINE      CODE     ---       #394
      010003C0H   LINE      CODE     ---       #395
      010003C2H   LINE      CODE     ---       #396
      010003C4H   LINE      CODE     ---       #397
      010003C6H   LINE      CODE     ---       #398
      010003C7H   LINE      CODE     ---       #399
      010003C8H   LINE      CODE     ---       #400
      010003CAH   LINE      CODE     ---       #401
      010003CBH   LINE      CODE     ---       #402
      010003CDH   LINE      CODE     ---       #405
      010003CFH   LINE      CODE     ---       #406
      010003D1H   LINE      CODE     ---       #407
      010003D3H   LINE      CODE     ---       #408
      010003D5H   LINE      CODE     ---       #409
      010003D7H   LINE      CODE     ---       #410
      010003D9H   LINE      CODE     ---       #412
      010003DAH   LINE      CODE     ---       #413
      010003DBH   LINE      CODE     ---       #414
      010003DEH   LINE      CODE     ---       #415
      010003DFH   LINE      CODE     ---       #416
      010003E1H   LINE      CODE     ---       #417
      010003E3H   LINE      CODE     ---       #418
      010003E5H   LINE      CODE     ---       #419
      010003E7H   LINE      CODE     ---       #420
      010003E9H   LINE      CODE     ---       #421
      010003EBH   LINE      CODE     ---       #423
      010003ECH   LINE      CODE     ---       #424
      010003EDH   LINE      CODE     ---       #425
      010003EEH   LINE      CODE     ---       #426
      010003F1H   LINE      CODE     ---       #429
      010003F2H   LINE      CODE     ---       #430
      010003F5H   LINE      CODE     ---       #431
      010003F6H   LINE      CODE     ---       #433
      010003F8H   LINE      CODE     ---       #437
      ---         BLOCKEND  ---      ---       LVL=0

      ---         MODULE    ---      ---       SPI
      01000542H   PUBLIC    CODE     NEAR LAB  _SPI_INIT
      01000510H   PUBLIC    CODE     NEAR LAB  _SPI_WRITE_THEN_READ
      000000D0H.6 SFRSYM    DATA     BIT       AC
      000000E0H   SFRSYM    DATA     BYTE      ACC
      000000A1H   SFRSYM    DATA     BYTE      ADCCON
      000000A2H   SFRSYM    DATA     BYTE      ADCDATAH
      000000A3H   SFRSYM    DATA     BYTE      ADCDATAL
      000000A4H   SFRSYM    DATA     BYTE      ADCSTATIC
      000000F0H   SFRSYM    DATA     BYTE      B
      000000C8H.1 SFRSYM    DATA     BIT       C_T2
      000000A0H.6 SFRSYM    DATA     BIT       CE
      000000B6H   SFRSYM    DATA     BYTE      CK_CTRL
      0000008EH   SFRSYM    DATA     BYTE      CKCON
      000000A0H.1 SFRSYM    DATA     BIT       CLK1
      000000A0H.5 SFRSYM    DATA     BIT       CLK2
      000000C8H   SFRSYM    DATA     BIT       CP_RL2
      000000C8H   SFRSYM    DATA     BIT       CPRL2
      000000A0H.3 SFRSYM    DATA     BIT       CS
LX51 LINKER/LOCATER V4.34a                                                            02/18/2009  20:32:30  PAGE 20


      000000C8H.1 SFRSYM    DATA     BIT       CT2
      000000D0H.7 SFRSYM    DATA     BIT       CY
      000000A0H   SFRSYM    DATA     BIT       DATA?
      000000BEH   SFRSYM    DATA     BYTE      DEV_OFFSET
      00000090H.2 SFRSYM    DATA     BIT       DIN0
      00000090H   SFRSYM    DATA     BIT       DIO0
      00000090H.1 SFRSYM    DATA     BIT       DIO1
      00000080H   SFRSYM    DATA     BIT       DIO2
      00000080H.1 SFRSYM    DATA     BIT       DIO3
      00000080H.2 SFRSYM    DATA     BIT       DIO4
      00000080H.3 SFRSYM    DATA     BIT       DIO5
      00000080H.4 SFRSYM    DATA     BIT       DIO6
      00000080H.5 SFRSYM    DATA     BIT       DIO7
      00000080H.6 SFRSYM    DATA     BIT       DIO8
      00000080H.7 SFRSYM    DATA     BIT       DIO9
      000000A0H.4 SFRSYM    DATA     BIT       DOUT2
      00000083H   SFRSYM    DATA     BYTE      DPH
      00000083H   SFRSYM    DATA     BYTE      DPH0
      00000085H   SFRSYM    DATA     BYTE      DPH1
      00000082H   SFRSYM    DATA     BYTE      DPL
      00000082H   SFRSYM    DATA     BYTE      DPL0
      00000084H   SFRSYM    DATA     BYTE      DPL1
      00000086H   SFRSYM    DATA     BYTE      DPS
      000000A0H.2 SFRSYM    DATA     BIT       DR1
      000000A0H.6 SFRSYM    DATA     BIT       DR2
      000000A0H.6 SFRSYM    DATA     BIT       DR2_CE
      000000A8H.7 SFRSYM    DATA     BIT       EA
      000000D8H   SFRSYM    DATA     BYTE      EICON
      000000E8H   SFRSYM    DATA     BYTE      EIE
      000000F8H   SFRSYM    DATA     BYTE      EIP
      000000A8H.4 SFRSYM    DATA     BIT       ES
      000000A8H.1 SFRSYM    DATA     BIT       ET0
      000000A8H.3 SFRSYM    DATA     BIT       ET1
      000000A8H.5 SFRSYM    DATA     BIT       ET2
      000000E8H.4 SFRSYM    DATA     BIT       EWDI
      000000A8H   SFRSYM    DATA     BIT       EX0
      000000A8H.2 SFRSYM    DATA     BIT       EX1
      000000E8H   SFRSYM    DATA     BIT       EX2
      000000E8H.1 SFRSYM    DATA     BIT       EX3
      000000E8H.2 SFRSYM    DATA     BIT       EX4
      000000E8H.3 SFRSYM    DATA     BIT       EX5
      000000C8H.3 SFRSYM    DATA     BIT       EXEN2
      000000C8H.6 SFRSYM    DATA     BIT       EXF2
      00000091H   SFRSYM    DATA     BYTE      EXIF
      000000D0H.5 SFRSYM    DATA     BIT       F0
      000000D0H.1 SFRSYM    DATA     BIT       F1
      000000A8H   SFRSYM    DATA     BYTE      IE
      00000088H.1 SFRSYM    DATA     BIT       IE0
      00000088H.3 SFRSYM    DATA     BIT       IE1
      00000080H.3 SFRSYM    DATA     BIT       INT0_N
      00000080H.4 SFRSYM    DATA     BIT       INT1_N
      000000B8H   SFRSYM    DATA     BYTE      IP
      00000088H   SFRSYM    DATA     BIT       IT0
      00000088H.2 SFRSYM    DATA     BIT       IT1
      00000092H   SFRSYM    DATA     BYTE      MPAGE
      000000D0H.2 SFRSYM    DATA     BIT       OV
      000000D0H   SFRSYM    DATA     BIT       P
      00000080H   SFRSYM    DATA     BYTE      P0
      00000080H   SFRSYM    DATA     BIT       P0_0
      00000080H.1 SFRSYM    DATA     BIT       P0_1
      00000080H.2 SFRSYM    DATA     BIT       P0_2
      00000080H.3 SFRSYM    DATA     BIT       P0_3
      00000080H.4 SFRSYM    DATA     BIT       P0_4
      00000080H.5 SFRSYM    DATA     BIT       P0_5
      00000080H.6 SFRSYM    DATA     BIT       P0_6
LX51 LINKER/LOCATER V4.34a                                                            02/18/2009  20:32:30  PAGE 21


      00000080H.7 SFRSYM    DATA     BIT       P0_7
      00000095H   SFRSYM    DATA     BYTE      P0_ALT
      00000094H   SFRSYM    DATA     BYTE      P0_DIR
      00000090H   SFRSYM    DATA     BYTE      P1
      00000090H   SFRSYM    DATA     BIT       P1_0
      00000090H.1 SFRSYM    DATA     BIT       P1_1
      00000090H.2 SFRSYM    DATA     BIT       P1_2
      00000097H   SFRSYM    DATA     BYTE      P1_ALT
      00000096H   SFRSYM    DATA     BYTE      P1_DIR
      00000087H   SFRSYM    DATA     BYTE      PCON
      000000B8H.4 SFRSYM    DATA     BIT       PS
      000000D0H   SFRSYM    DATA     BYTE      PSW
      000000B8H.1 SFRSYM    DATA     BIT       PT0
      000000B8H.3 SFRSYM    DATA     BIT       PT1
      000000B8H.5 SFRSYM    DATA     BIT       PT2
      000000F8H.4 SFRSYM    DATA     BIT       PWDI
      00000080H.7 SFRSYM    DATA     BIT       PWM
      000000A9H   SFRSYM    DATA     BYTE      PWMCON
      000000AAH   SFRSYM    DATA     BYTE      PWMDUTY
      000000A0H.7 SFRSYM    DATA     BIT       PWR_UP
      000000B8H   SFRSYM    DATA     BIT       PX0
      000000B8H.2 SFRSYM    DATA     BIT       PX1
      000000F8H   SFRSYM    DATA     BIT       PX2
      000000F8H.1 SFRSYM    DATA     BIT       PX3
      000000F8H.2 SFRSYM    DATA     BIT       PX4
      000000F8H.3 SFRSYM    DATA     BIT       PX5
      000000A0H   SFRSYM    DATA     BYTE      RADIO
      00000098H.2 SFRSYM    DATA     BIT       RB8
      000000CBH   SFRSYM    DATA     BYTE      RCAP2H
      000000CAH   SFRSYM    DATA     BYTE      RCAP2L
      000000C8H.5 SFRSYM    DATA     BIT       RCLK
      000000ADH   SFRSYM    DATA     BYTE      REGX_CTRL
      000000ACH   SFRSYM    DATA     BYTE      REGX_LSB
      000000ABH   SFRSYM    DATA     BYTE      REGX_MSB
      00000098H.4 SFRSYM    DATA     BIT       REN
      00000098H   SFRSYM    DATA     BIT       RI
      000000D0H.3 SFRSYM    DATA     BIT       RS0
      000000D0H.4 SFRSYM    DATA     BIT       RS1
      000000B1H   SFRSYM    DATA     BYTE      RSTREAS
      00000080H.1 SFRSYM    DATA     BIT       RXD
      00000099H   SFRSYM    DATA     BYTE      SBUF
      00000098H   SFRSYM    DATA     BYTE      SCON
      00000098H.7 SFRSYM    DATA     BIT       SM0
      00000098H.6 SFRSYM    DATA     BIT       SM1
      00000098H.5 SFRSYM    DATA     BIT       SM2
      00000081H   SFRSYM    DATA     BYTE      SP
      0000008FH   SFRSYM    DATA     BYTE      SPC_FNC
      000000B3H   SFRSYM    DATA     BYTE      SPI_CTRL
      000000B2H   SFRSYM    DATA     BYTE      SPI_DATA
      000000B4H   SFRSYM    DATA     BYTE      SPICLK
      00000080H.5 SFRSYM    DATA     BIT       T0
      00000080H.6 SFRSYM    DATA     BIT       T1
      000000BCH   SFRSYM    DATA     BYTE      T1_1V2
      00000090H   SFRSYM    DATA     BIT       T2
      000000BDH   SFRSYM    DATA     BYTE      T2_1V2
      000000C8H   SFRSYM    DATA     BYTE      T2CON
      00000098H.3 SFRSYM    DATA     BIT       TB8
      000000C8H.4 SFRSYM    DATA     BIT       TCLK
      00000088H   SFRSYM    DATA     BYTE      TCON
      000000B7H   SFRSYM    DATA     BYTE      TEST_MODE
      00000088H.5 SFRSYM    DATA     BIT       TF0
      00000088H.7 SFRSYM    DATA     BIT       TF1
      000000C8H.7 SFRSYM    DATA     BIT       TF2
      0000008CH   SFRSYM    DATA     BYTE      TH0
      0000008DH   SFRSYM    DATA     BYTE      TH1
LX51 LINKER/LOCATER V4.34a                                                            02/18/2009  20:32:30  PAGE 22


      000000CDH   SFRSYM    DATA     BYTE      TH2
      00000098H.1 SFRSYM    DATA     BIT       TI
      000000B5H   SFRSYM    DATA     BYTE      TICK_DV
      0000008AH   SFRSYM    DATA     BYTE      TL0
      0000008BH   SFRSYM    DATA     BYTE      TL1
      000000CCH   SFRSYM    DATA     BYTE      TL2
      00000089H   SFRSYM    DATA     BYTE      TMOD
      00000088H.4 SFRSYM    DATA     BIT       TR0
      00000088H.6 SFRSYM    DATA     BIT       TR1
      000000C8H.2 SFRSYM    DATA     BIT       TR2
      00000080H.2 SFRSYM    DATA     BIT       TXD
      000000D8H.3 SFRSYM    DATA     BIT       WDTI
      01000515H   SYMBOL    CODE     NEAR LAB  ?C0002
      0100051AH   SYMBOL    CODE     NEAR LAB  ?C0003
      0100051CH   SYMBOL    CODE     NEAR LAB  ?C0004

      01000542H   BLOCK     CODE     NEAR LAB  LVL=0
      01000542H   LINE      CODE     ---       #203
      01000544H   LINE      CODE     ---       #206
      01000546H   LINE      CODE     ---       #209
      ---         BLOCKEND  ---      ---       LVL=0

      01000510H   BLOCK     CODE     NEAR LAB  LVL=0
      01000510H   LINE      CODE     ---       #229
      01000513H   LINE      CODE     ---       #232
      01000515H   LINE      CODE     ---       #236
      01000517H   LINE      CODE     ---       #237
      0100051AH   LINE      CODE     ---       #242
      0100051CH   LINE      CODE     ---       #246
      ---         BLOCKEND  ---      ---       LVL=0

      ---         MODULE    ---      ---       EEPROM
      0100046EH   PUBLIC    CODE     NEAR LAB  _EEPROM_READ
      010003F9H   PUBLIC    CODE     NEAR LAB  _EEPROM_WRITE
      01000529H   PUBLIC    CODE     NEAR LAB  EEPROM_INIT
      010004F4H   PUBLIC    CODE     NEAR LAB  EEPROM_STATUS
      010004BFH   PUBLIC    CODE     NEAR LAB  FLASH_ERASE_ALL
      000000D0H.6 SFRSYM    DATA     BIT       AC
      000000E0H   SFRSYM    DATA     BYTE      ACC
      000000A1H   SFRSYM    DATA     BYTE      ADCCON
      000000A2H   SFRSYM    DATA     BYTE      ADCDATAH
      000000A3H   SFRSYM    DATA     BYTE      ADCDATAL
      000000A4H   SFRSYM    DATA     BYTE      ADCSTATIC
      000000F0H   SFRSYM    DATA     BYTE      B
      000000C8H.1 SFRSYM    DATA     BIT       C_T2
      000000A0H.6 SFRSYM    DATA     BIT       CE
      000000B6H   SFRSYM    DATA     BYTE      CK_CTRL
      0000008EH   SFRSYM    DATA     BYTE      CKCON
      000000A0H.1 SFRSYM    DATA     BIT       CLK1
      000000A0H.5 SFRSYM    DATA     BIT       CLK2
      000000C8H   SFRSYM    DATA     BIT       CP_RL2
      000000C8H   SFRSYM    DATA     BIT       CPRL2
      000000A0H.3 SFRSYM    DATA     BIT       CS
      000000C8H.1 SFRSYM    DATA     BIT       CT2
      000000D0H.7 SFRSYM    DATA     BIT       CY
      000000A0H   SFRSYM    DATA     BIT       DATA?
      000000BEH   SFRSYM    DATA     BYTE      DEV_OFFSET
      00000090H.2 SFRSYM    DATA     BIT       DIN0
      00000090H   SFRSYM    DATA     BIT       DIO0
      00000090H.1 SFRSYM    DATA     BIT       DIO1
      00000080H   SFRSYM    DATA     BIT       DIO2
      00000080H.1 SFRSYM    DATA     BIT       DIO3
      00000080H.2 SFRSYM    DATA     BIT       DIO4
      00000080H.3 SFRSYM    DATA     BIT       DIO5
      00000080H.4 SFRSYM    DATA     BIT       DIO6
LX51 LINKER/LOCATER V4.34a                                                            02/18/2009  20:32:30  PAGE 23


      00000080H.5 SFRSYM    DATA     BIT       DIO7
      00000080H.6 SFRSYM    DATA     BIT       DIO8
      00000080H.7 SFRSYM    DATA     BIT       DIO9
      000000A0H.4 SFRSYM    DATA     BIT       DOUT2
      00000083H   SFRSYM    DATA     BYTE      DPH
      00000083H   SFRSYM    DATA     BYTE      DPH0
      00000085H   SFRSYM    DATA     BYTE      DPH1
      00000082H   SFRSYM    DATA     BYTE      DPL
      00000082H   SFRSYM    DATA     BYTE      DPL0
      00000084H   SFRSYM    DATA     BYTE      DPL1
      00000086H   SFRSYM    DATA     BYTE      DPS
      000000A0H.2 SFRSYM    DATA     BIT       DR1
      000000A0H.6 SFRSYM    DATA     BIT       DR2
      000000A0H.6 SFRSYM    DATA     BIT       DR2_CE
      000000A8H.7 SFRSYM    DATA     BIT       EA
      000000D8H   SFRSYM    DATA     BYTE      EICON
      000000E8H   SFRSYM    DATA     BYTE      EIE
      000000F8H   SFRSYM    DATA     BYTE      EIP
      000000A8H.4 SFRSYM    DATA     BIT       ES
      000000A8H.1 SFRSYM    DATA     BIT       ET0
      000000A8H.3 SFRSYM    DATA     BIT       ET1
      000000A8H.5 SFRSYM    DATA     BIT       ET2
      000000E8H.4 SFRSYM    DATA     BIT       EWDI
      000000A8H   SFRSYM    DATA     BIT       EX0
      000000A8H.2 SFRSYM    DATA     BIT       EX1
      000000E8H   SFRSYM    DATA     BIT       EX2
      000000E8H.1 SFRSYM    DATA     BIT       EX3
      000000E8H.2 SFRSYM    DATA     BIT       EX4
      000000E8H.3 SFRSYM    DATA     BIT       EX5
      000000C8H.3 SFRSYM    DATA     BIT       EXEN2
      000000C8H.6 SFRSYM    DATA     BIT       EXF2
      00000091H   SFRSYM    DATA     BYTE      EXIF
      000000D0H.5 SFRSYM    DATA     BIT       F0
      000000D0H.1 SFRSYM    DATA     BIT       F1
      000000A8H   SFRSYM    DATA     BYTE      IE
      00000088H.1 SFRSYM    DATA     BIT       IE0
      00000088H.3 SFRSYM    DATA     BIT       IE1
      00000080H.3 SFRSYM    DATA     BIT       INT0_N
      00000080H.4 SFRSYM    DATA     BIT       INT1_N
      000000B8H   SFRSYM    DATA     BYTE      IP
      00000088H   SFRSYM    DATA     BIT       IT0
      00000088H.2 SFRSYM    DATA     BIT       IT1
      00000092H   SFRSYM    DATA     BYTE      MPAGE
      000000D0H.2 SFRSYM    DATA     BIT       OV
      000000D0H   SFRSYM    DATA     BIT       P
      00000080H   SFRSYM    DATA     BYTE      P0
      00000080H   SFRSYM    DATA     BIT       P0_0
      00000080H.1 SFRSYM    DATA     BIT       P0_1
      00000080H.2 SFRSYM    DATA     BIT       P0_2
      00000080H.3 SFRSYM    DATA     BIT       P0_3
      00000080H.4 SFRSYM    DATA     BIT       P0_4
      00000080H.5 SFRSYM    DATA     BIT       P0_5
      00000080H.6 SFRSYM    DATA     BIT       P0_6
      00000080H.7 SFRSYM    DATA     BIT       P0_7
      00000095H   SFRSYM    DATA     BYTE      P0_ALT
      00000094H   SFRSYM    DATA     BYTE      P0_DIR
      00000090H   SFRSYM    DATA     BYTE      P1
      00000090H   SFRSYM    DATA     BIT       P1_0
      00000090H.1 SFRSYM    DATA     BIT       P1_1
      00000090H.2 SFRSYM    DATA     BIT       P1_2
      00000097H   SFRSYM    DATA     BYTE      P1_ALT
      00000096H   SFRSYM    DATA     BYTE      P1_DIR
      00000087H   SFRSYM    DATA     BYTE      PCON
      000000B8H.4 SFRSYM    DATA     BIT       PS
      000000D0H   SFRSYM    DATA     BYTE      PSW
LX51 LINKER/LOCATER V4.34a                                                            02/18/2009  20:32:30  PAGE 24


      000000B8H.1 SFRSYM    DATA     BIT       PT0
      000000B8H.3 SFRSYM    DATA     BIT       PT1
      000000B8H.5 SFRSYM    DATA     BIT       PT2
      000000F8H.4 SFRSYM    DATA     BIT       PWDI
      00000080H.7 SFRSYM    DATA     BIT       PWM
      000000A9H   SFRSYM    DATA     BYTE      PWMCON
      000000AAH   SFRSYM    DATA     BYTE      PWMDUTY
      000000A0H.7 SFRSYM    DATA     BIT       PWR_UP
      000000B8H   SFRSYM    DATA     BIT       PX0
      000000B8H.2 SFRSYM    DATA     BIT       PX1
      000000F8H   SFRSYM    DATA     BIT       PX2
      000000F8H.1 SFRSYM    DATA     BIT       PX3
      000000F8H.2 SFRSYM    DATA     BIT       PX4
      000000F8H.3 SFRSYM    DATA     BIT       PX5
      000000A0H   SFRSYM    DATA     BYTE      RADIO
      00000098H.2 SFRSYM    DATA     BIT       RB8
      000000CBH   SFRSYM    DATA     BYTE      RCAP2H
      000000CAH   SFRSYM    DATA     BYTE      RCAP2L
      000000C8H.5 SFRSYM    DATA     BIT       RCLK
      000000ADH   SFRSYM    DATA     BYTE      REGX_CTRL
      000000ACH   SFRSYM    DATA     BYTE      REGX_LSB
      000000ABH   SFRSYM    DATA     BYTE      REGX_MSB
      00000098H.4 SFRSYM    DATA     BIT       REN
      00000098H   SFRSYM    DATA     BIT       RI
      000000D0H.3 SFRSYM    DATA     BIT       RS0
      000000D0H.4 SFRSYM    DATA     BIT       RS1
      000000B1H   SFRSYM    DATA     BYTE      RSTREAS
      00000080H.1 SFRSYM    DATA     BIT       RXD
      00000099H   SFRSYM    DATA     BYTE      SBUF
      00000098H   SFRSYM    DATA     BYTE      SCON
      00000098H.7 SFRSYM    DATA     BIT       SM0
      00000098H.6 SFRSYM    DATA     BIT       SM1
      00000098H.5 SFRSYM    DATA     BIT       SM2
      00000081H   SFRSYM    DATA     BYTE      SP
      0000008FH   SFRSYM    DATA     BYTE      SPC_FNC
      000000B3H   SFRSYM    DATA     BYTE      SPI_CTRL
      000000B2H   SFRSYM    DATA     BYTE      SPI_DATA
      000000B4H   SFRSYM    DATA     BYTE      SPICLK
      00000080H.5 SFRSYM    DATA     BIT       T0
      00000080H.6 SFRSYM    DATA     BIT       T1
      000000BCH   SFRSYM    DATA     BYTE      T1_1V2
      00000090H   SFRSYM    DATA     BIT       T2
      000000BDH   SFRSYM    DATA     BYTE      T2_1V2
      000000C8H   SFRSYM    DATA     BYTE      T2CON
      00000098H.3 SFRSYM    DATA     BIT       TB8
      000000C8H.4 SFRSYM    DATA     BIT       TCLK
      00000088H   SFRSYM    DATA     BYTE      TCON
      000000B7H   SFRSYM    DATA     BYTE      TEST_MODE
      00000088H.5 SFRSYM    DATA     BIT       TF0
      00000088H.7 SFRSYM    DATA     BIT       TF1
      000000C8H.7 SFRSYM    DATA     BIT       TF2
      0000008CH   SFRSYM    DATA     BYTE      TH0
      0000008DH   SFRSYM    DATA     BYTE      TH1
      000000CDH   SFRSYM    DATA     BYTE      TH2
      00000098H.1 SFRSYM    DATA     BIT       TI
      000000B5H   SFRSYM    DATA     BYTE      TICK_DV
      0000008AH   SFRSYM    DATA     BYTE      TL0
      0000008BH   SFRSYM    DATA     BYTE      TL1
      000000CCH   SFRSYM    DATA     BYTE      TL2
      00000089H   SFRSYM    DATA     BYTE      TMOD
      00000088H.4 SFRSYM    DATA     BIT       TR0
      00000088H.6 SFRSYM    DATA     BIT       TR1
      000000C8H.2 SFRSYM    DATA     BIT       TR2
      00000080H.2 SFRSYM    DATA     BIT       TXD
      000000D8H.3 SFRSYM    DATA     BIT       WDTI
LX51 LINKER/LOCATER V4.34a                                                            02/18/2009  20:32:30  PAGE 25


      00000046H   SYMBOL    DATA     BYTE      ?_EEPROM_READ?BYTE
      00000043H   SYMBOL    DATA     BYTE      ?_EEPROM_WRITE?BYTE
      01000502H   SYMBOL    CODE     NEAR LAB  ?C0002
      010003FFH   SYMBOL    CODE     NEAR LAB  ?C0003
      01000406H   SYMBOL    CODE     NEAR LAB  ?C0004
      01000475H   SYMBOL    CODE     NEAR LAB  ?C0006
      0100047CH   SYMBOL    CODE     NEAR LAB  ?C0007
      01000499H   SYMBOL    CODE     NEAR LAB  ?C0008
      010004BFH   SYMBOL    CODE     NEAR LAB  ?C0009
      010004C6H   SYMBOL    CODE     NEAR LAB  ?C0010
      010004D8H   SYMBOL    CODE     NEAR LAB  ?C0012
      00000043H   SYMBOL    DATA     BYTE      ADDR?241
      00000046H   SYMBOL    DATA     BYTE      ADDR?343
      00000045H   SYMBOL    DATA     BYTE      BYTE?242
      00000048H   SYMBOL    DATA     BYTE      BYTE?344

      01000529H   BLOCK     CODE     NEAR LAB  LVL=0
      01000529H   LINE      CODE     ---       #244
      0100052AH   LINE      CODE     ---       #245
      0100052BH   LINE      CODE     ---       #246
      0100052DH   LINE      CODE     ---       #247
      01000530H   LINE      CODE     ---       #251
      01000533H   LINE      CODE     ---       #254
      ---         BLOCKEND  ---      ---       LVL=0

      010004F4H   BLOCK     CODE     NEAR LAB  LVL=0
      010004F4H   LINE      CODE     ---       #270
      010004F6H   LINE      CODE     ---       #273
      010004F8H   LINE      CODE     ---       #274
      010004FBH   LINE      CODE     ---       #278
      010004FCH   LINE      CODE     ---       #279
      010004FDH   LINE      CODE     ---       #280
      01000500H   LINE      CODE     ---       #284
      01000502H   LINE      CODE     ---       #291
      ---         BLOCKEND  ---      ---       LVL=0

      010003F9H   BLOCK     CODE     NEAR LAB  LVL=0
      010003F9H   LINE      CODE     ---       #305
      010003FBH   LINE      CODE     ---       #306
      010003FDH   LINE      CODE     ---       #307
      010003FFH   LINE      CODE     ---       #313
      01000402H   LINE      CODE     ---       #314
      01000403H   LINE      CODE     ---       #315
      01000406H   LINE      CODE     ---       #320
      01000408H   LINE      CODE     ---       #323
      0100040AH   LINE      CODE     ---       #324
      0100040DH   LINE      CODE     ---       #327
      0100040FH   LINE      CODE     ---       #330
      01000411H   LINE      CODE     ---       #333
      01000413H   LINE      CODE     ---       #334
      01000416H   LINE      CODE     ---       #337
      01000418H   LINE      CODE     ---       #338
      01000419H   LINE      CODE     ---       #339
      0100041CH   LINE      CODE     ---       #342
      0100041EH   LINE      CODE     ---       #343
      01000420H   LINE      CODE     ---       #344
      01000423H   LINE      CODE     ---       #347
      01000425H   LINE      CODE     ---       #348
      01000428H   LINE      CODE     ---       #351
      0100042AH   LINE      CODE     ---       #354
      0100042CH   LINE      CODE     ---       #357
      0100042EH   LINE      CODE     ---       #358
      01000431H   LINE      CODE     ---       #361
      01000433H   LINE      CODE     ---       #364
      ---         BLOCKEND  ---      ---       LVL=0
LX51 LINKER/LOCATER V4.34a                                                            02/18/2009  20:32:30  PAGE 26



      0100046EH   BLOCK     CODE     NEAR LAB  LVL=0
      0100046EH   LINE      CODE     ---       #377
      01000470H   LINE      CODE     ---       #378
      01000472H   LINE      CODE     ---       #383
      01000473H   LINE      CODE     ---       #384
      01000475H   LINE      CODE     ---       #388
      01000478H   LINE      CODE     ---       #389
      01000479H   LINE      CODE     ---       #390
      0100047CH   LINE      CODE     ---       #395
      0100047EH   LINE      CODE     ---       #398
      01000480H   LINE      CODE     ---       #399
      01000483H   LINE      CODE     ---       #402
      01000485H   LINE      CODE     ---       #403
      01000486H   LINE      CODE     ---       #404
      01000489H   LINE      CODE     ---       #407
      0100048BH   LINE      CODE     ---       #408
      0100048DH   LINE      CODE     ---       #409
      01000490H   LINE      CODE     ---       #412
      01000491H   LINE      CODE     ---       #413
      01000492H   LINE      CODE     ---       #414
      01000495H   LINE      CODE     ---       #415
      01000497H   LINE      CODE     ---       #418
      01000499H   LINE      CODE     ---       #424
      ---         BLOCKEND  ---      ---       LVL=0

      010004BFH   BLOCK     CODE     NEAR LAB  LVL=0
      010004BFH   LINE      CODE     ---       #440
      010004C2H   LINE      CODE     ---       #441
      010004C3H   LINE      CODE     ---       #442
      010004C6H   LINE      CODE     ---       #447
      010004C8H   LINE      CODE     ---       #450
      010004CAH   LINE      CODE     ---       #451
      010004CDH   LINE      CODE     ---       #454
      010004CFH   LINE      CODE     ---       #457
      010004D1H   LINE      CODE     ---       #460
      010004D3H   LINE      CODE     ---       #461
      010004D6H   LINE      CODE     ---       #464
      010004D8H   LINE      CODE     ---       #472
      010004DAH   LINE      CODE     ---       #475
      010004DCH   LINE      CODE     ---       #476
      010004DFH   LINE      CODE     ---       #479
      010004E1H   LINE      CODE     ---       #482
      ---         BLOCKEND  ---      ---       LVL=0

      ---         MODULE    ---      ---       ?C_STARTUP
      01000000H   PUBLIC    CODE     ---       ?C_STARTUP

      ---         MODULE    ---      ---       ?C?CLDPTR
      01000003H   PUBLIC    CODE     ---       ?C?CLDPTR

      ---         MODULE    ---      ---       ?C?CSTPTR
      0100001CH   PUBLIC    CODE     ---       ?C?CSTPTR

      ---         MODULE    ---      ---       ?C?IMUL
      0100002EH   PUBLIC    CODE     ---       ?C?IMUL

      ---         MODULE    ---      ---       ?C?LMUL
      01000040H   PUBLIC    CODE     ---       ?C?LMUL

      ---         MODULE    ---      ---       ?C?ULDIV
      010000CBH   PUBLIC    CODE     ---       ?C?ULDIV

      ---         MODULE    ---      ---       ?C?ICALL
      0100015DH   PUBLIC    CODE     ---       ?C?ICALL
LX51 LINKER/LOCATER V4.34a                                                            02/18/2009  20:32:30  PAGE 27


      01000161H   PUBLIC    CODE     ---       ?C?ICALL2

Program Size: data=84.0 xdata=0 const=0 code=1435
LX51 RUN COMPLETE.  0 WARNING(S),  0 ERROR(S)
